stm32f429i_discovery_lcd.c:1336:13:FillBuffer	40	static
stm32f429i_discovery_lcd.c:165:9:BSP_LCD_Init	56	static
stm32f429i_discovery_lcd.c:249:10:BSP_LCD_GetXSize	8	static
stm32f429i_discovery_lcd.c:259:10:BSP_LCD_GetYSize	8	static
stm32f429i_discovery_lcd.c:270:6:BSP_LCD_LayerDefaultInit	72	static
stm32f429i_discovery_lcd.c:306:6:BSP_LCD_SelectLayer	0	static
stm32f429i_discovery_lcd.c:318:6:BSP_LCD_SetLayerVisible	0	static
stm32f429i_discovery_lcd.c:338:6:BSP_LCD_SetTransparency	0	static
stm32f429i_discovery_lcd.c:349:6:BSP_LCD_SetLayerAddress	0	static
stm32f429i_discovery_lcd.c:363:6:BSP_LCD_SetLayerWindow	24	static
stm32f429i_discovery_lcd.c:378:6:BSP_LCD_SetColorKeying	16	static
stm32f429i_discovery_lcd.c:390:6:BSP_LCD_ResetColorKeying	0	static
stm32f429i_discovery_lcd.c:401:10:BSP_LCD_GetTextColor	0	static
stm32f429i_discovery_lcd.c:411:10:BSP_LCD_GetBackColor	0	static
stm32f429i_discovery_lcd.c:421:6:BSP_LCD_SetTextColor	0	static
stm32f429i_discovery_lcd.c:431:6:BSP_LCD_SetBackColor	0	static
stm32f429i_discovery_lcd.c:441:6:BSP_LCD_SetFont	0	static
stm32f429i_discovery_lcd.c:451:8:BSP_LCD_GetFont	0	static
stm32f429i_discovery_lcd.c:462:10:BSP_LCD_ReadPixel	16	static
stm32f429i_discovery_lcd.c:497:6:BSP_LCD_Clear	32	static
stm32f429i_discovery_lcd.c:612:6:BSP_LCD_DrawHLine	32	static
stm32f429i_discovery_lcd.c:630:6:BSP_LCD_DrawVLine	40	static
stm32f429i_discovery_lcd.c:724:6:BSP_LCD_DrawRect	24	static
stm32f429i_discovery_lcd.c:843:6:BSP_LCD_DrawBitmap	48	static
stm32f429i_discovery_lcd.c:904:6:BSP_LCD_FillRect	40	static
stm32f429i_discovery_lcd.c:508:6:BSP_LCD_ClearStringLine	24	static
stm32f429i_discovery_lcd.c:1120:6:BSP_LCD_FillEllipse	56	static
stm32f429i_discovery_lcd.c:1150:6:BSP_LCD_DisplayOn	0	static
stm32f429i_discovery_lcd.c:1163:6:BSP_LCD_DisplayOff	0	static
stm32f429i_discovery_lcd.c:1265:6:BSP_LCD_DrawPixel	24	static
stm32f429i_discovery_lcd.c:527:6:BSP_LCD_DisplayChar	56	static
stm32f429i_discovery_lcd.c:545:6:BSP_LCD_DisplayStringAt	48	static
stm32f429i_discovery_lcd.c:600:6:BSP_LCD_DisplayStringAtLine	4	static
stm32f429i_discovery_lcd.c:649:6:BSP_LCD_DrawLine	56	static
stm32f429i_discovery_lcd.c:782:6:BSP_LCD_DrawPolygon	16	static
stm32f429i_discovery_lcd.c:977:6:BSP_LCD_FillTriangle	64	static
stm32f429i_discovery_lcd.c:1051:6:BSP_LCD_FillPolygon	72	static
stm32f429i_discovery_lcd.c:742:6:BSP_LCD_DrawCircle	72	static
stm32f429i_discovery_lcd.c:925:6:BSP_LCD_FillCircle	48	static
stm32f429i_discovery_lcd.c:810:6:BSP_LCD_DrawEllipse	72	static
