stm32f429i_discovery.c:651:13:SPIx_Init	32	static
stm32f429i_discovery.c:731:16:SPIx_WriteRead	32	static
stm32f429i_discovery.c:431:13:I2Cx_Init	40	static
stm32f429i_discovery.c:635:13:I2Cx_Error	8	static
stm32f429i_discovery.c:711:13:SPIx_Write	16	static
stm32f429i_discovery.c:181:10:BSP_GetVersion	0	static
stm32f429i_discovery.c:194:6:BSP_LED_Init	40	static
stm32f429i_discovery.c:220:6:BSP_LED_On	0	static
stm32f429i_discovery.c:233:6:BSP_LED_Off	0	static
stm32f429i_discovery.c:246:6:BSP_LED_Toggle	0	static
stm32f429i_discovery.c:262:6:BSP_PB_Init	32	static
stm32f429i_discovery.c:299:10:BSP_PB_GetState	8	static
stm32f429i_discovery.c:790:6:LCD_IO_Init	48	static
stm32f429i_discovery.c:836:6:LCD_IO_WriteData	16	static
stm32f429i_discovery.c:854:6:LCD_IO_WriteReg	16	static
stm32f429i_discovery.c:873:10:LCD_IO_ReadData	24	static
stm32f429i_discovery.c:901:6:LCD_Delay	0	static
stm32f429i_discovery.c:917:6:IOE_Init	0	static
stm32f429i_discovery.c:927:6:IOE_ITConfig	32	static
stm32f429i_discovery.c:939:6:IOE_Write	32	static
stm32f429i_discovery.c:950:9:IOE_Read	32	static
stm32f429i_discovery.c:963:6:IOE_WriteMultiple	24	static
stm32f429i_discovery.c:976:10:IOE_ReadMultiple	24	static
stm32f429i_discovery.c:986:6:IOE_Delay	0	static
stm32f429i_discovery.c:998:6:GYRO_IO_Init	48	static
stm32f429i_discovery.c:1032:6:GYRO_IO_Write	16	static
stm32f429i_discovery.c:1067:6:GYRO_IO_Read	16	static
