stmpe811.c:619:6:stmpe811_IO_WritePin	0	static
stmpe811.c:172:6:stmpe811_Reset	8	static
stmpe811.c:192:10:stmpe811_ReadID	16	static
stmpe811.c:642:10:stmpe811_IO_ReadPin	8	static
stmpe811.c:731:9:stmpe811_IO_ITStatus	8	static
stmpe811.c:837:9:stmpe811_TS_DetectTouch	8	static
stmpe811.c:869:6:stmpe811_TS_GetXY	24	static
stmpe811.c:139:6:stmpe811_Init	8	static
stmpe811.c:207:6:stmpe811_EnableGlobalIT	8	static
stmpe811.c:226:6:stmpe811_DisableGlobalIT	8	static
stmpe811.c:254:6:stmpe811_EnableITSource	16	static
stmpe811.c:652:6:stmpe811_IO_EnableIT	8	static
stmpe811.c:892:6:stmpe811_TS_EnableIT	8	static
stmpe811.c:281:6:stmpe811_DisableITSource	16	static
stmpe811.c:669:6:stmpe811_IO_DisableIT	8	static
stmpe811.c:909:6:stmpe811_TS_DisableIT	8	static
stmpe811.c:303:6:stmpe811_SetITPolarity	16	static
stmpe811.c:329:6:stmpe811_SetITType	16	static
stmpe811.c:360:9:stmpe811_GlobalITStatus	8	static
stmpe811.c:379:9:stmpe811_ReadGITStatus	8	static
stmpe811.c:923:9:stmpe811_TS_ITStatus	0	static
stmpe811.c:399:6:stmpe811_ClearGlobalIT	0	static
stmpe811.c:744:6:stmpe811_IO_ClearIT	16	static
stmpe811.c:934:6:stmpe811_TS_ClearIT	0	static
stmpe811.c:501:6:stmpe811_IO_InitPin	16	static
stmpe811.c:530:6:stmpe811_IO_EnableAF	16	static
stmpe811.c:413:6:stmpe811_IO_Start	16	static
stmpe811.c:553:6:stmpe811_IO_DisableAF	16	static
stmpe811.c:767:6:stmpe811_TS_Start	16	static
stmpe811.c:579:6:stmpe811_IO_SetEdgeMode	24	static
stmpe811.c:686:6:stmpe811_IO_EnablePinIT	16	static
stmpe811.c:445:6:stmpe811_IO_Config	16	static
stmpe811.c:709:6:stmpe811_IO_DisablePinIT	16	static
