usbd_conf.c:488:13:SystemClockConfig_STOP	0	static
usbd_conf.c:50:6:HAL_PCD_MspInit	40	static
usbd_conf.c:86:6:HAL_PCD_MspDeInit	0	static
usbd_conf.c:111:6:HAL_PCD_SetupStageCallback	0	static
usbd_conf.c:122:6:HAL_PCD_DataOutStageCallback	0	static
usbd_conf.c:133:6:HAL_PCD_DataInStageCallback	0	static
usbd_conf.c:143:6:HAL_PCD_SOFCallback	0	static
usbd_conf.c:153:6:HAL_PCD_ResetCallback	16	static
usbd_conf.c:184:6:HAL_PCD_SuspendCallback	8	static
usbd_conf.c:202:6:HAL_PCD_ResumeCallback	8	static
usbd_conf.c:222:6:HAL_PCD_ISOOUTIncompleteCallback	0	static
usbd_conf.c:233:6:HAL_PCD_ISOINIncompleteCallback	0	static
usbd_conf.c:243:6:HAL_PCD_ConnectCallback	0	static
usbd_conf.c:253:6:HAL_PCD_DisconnectCallback	0	static
usbd_conf.c:269:20:USBD_LL_Init	16	static
usbd_conf.c:309:20:USBD_LL_DeInit	8	static
usbd_conf.c:320:20:USBD_LL_Start	8	static
usbd_conf.c:331:20:USBD_LL_Stop	8	static
usbd_conf.c:345:20:USBD_LL_OpenEP	8	static
usbd_conf.c:364:20:USBD_LL_CloseEP	8	static
usbd_conf.c:376:20:USBD_LL_FlushEP	8	static
usbd_conf.c:388:20:USBD_LL_StallEP	8	static
usbd_conf.c:400:20:USBD_LL_ClearStallEP	8	static
usbd_conf.c:412:9:USBD_LL_IsStallEP	0	static
usbd_conf.c:432:20:USBD_LL_SetUSBAddress	8	static
usbd_conf.c:446:20:USBD_LL_Transmit	8	static
usbd_conf.c:463:20:USBD_LL_PrepareReceive	8	static
usbd_conf.c:478:10:USBD_LL_GetRxDataSize	8	static
usbd_conf.c:520:6:HAL_GPIO_EXTI_Callback	8	static
usbd_conf.c:562:6:USBD_LL_Delay	0	static
