stm32f4xx_hal_cortex.c:161:6:HAL_NVIC_SetPriorityGrouping	0	static
stm32f4xx_hal_cortex.c:183:6:HAL_NVIC_SetPriority	12	static
stm32f4xx_hal_cortex.c:205:6:HAL_NVIC_EnableIRQ	0	static
stm32f4xx_hal_cortex.c:218:6:HAL_NVIC_DisableIRQ	0	static
stm32f4xx_hal_cortex.c:229:6:HAL_NVIC_SystemReset	0	static
stm32f4xx_hal_cortex.c:242:10:HAL_SYSTICK_Config	0	static
stm32f4xx_hal_cortex.c:271:10:HAL_NVIC_GetPriorityGrouping	0	static
stm32f4xx_hal_cortex.c:298:6:HAL_NVIC_GetPriority	16	static
stm32f4xx_hal_cortex.c:313:6:HAL_NVIC_SetPendingIRQ	0	static
stm32f4xx_hal_cortex.c:328:10:HAL_NVIC_GetPendingIRQ	0	static
stm32f4xx_hal_cortex.c:341:6:HAL_NVIC_ClearPendingIRQ	0	static
stm32f4xx_hal_cortex.c:355:10:HAL_NVIC_GetActive	0	static
stm32f4xx_hal_cortex.c:369:6:HAL_SYSTICK_CLKSourceConfig	0	static
stm32f4xx_hal_cortex.c:398:13:HAL_SYSTICK_Callback	0	static
stm32f4xx_hal_cortex.c:388:6:HAL_SYSTICK_IRQHandler	8	static
