stm32f4xx_hal_sdram.c:269:13:HAL_SDRAM_DMA_XferErrorCallback	0	static
stm32f4xx_hal_sdram.c:257:13:HAL_SDRAM_DMA_XferCpltCallback	0	static
stm32f4xx_hal_sdram.c:199:13:HAL_SDRAM_MspInit	0	static
stm32f4xx_hal_sdram.c:141:19:HAL_SDRAM_Init	16	static
stm32f4xx_hal_sdram.c:212:13:HAL_SDRAM_MspDeInit	0	static
stm32f4xx_hal_sdram.c:176:19:HAL_SDRAM_DeInit	8	static
stm32f4xx_hal_sdram.c:244:13:HAL_SDRAM_RefreshErrorCallback	0	static
stm32f4xx_hal_sdram.c:225:6:HAL_SDRAM_IRQHandler	8	static
stm32f4xx_hal_sdram.c:303:19:HAL_SDRAM_Read_8b	12	static
stm32f4xx_hal_sdram.c:344:19:HAL_SDRAM_Write_8b	12	static
stm32f4xx_hal_sdram.c:388:19:HAL_SDRAM_Read_16b	12	static
stm32f4xx_hal_sdram.c:428:19:HAL_SDRAM_Write_16b	12	static
stm32f4xx_hal_sdram.c:471:19:HAL_SDRAM_Read_32b	12	static
stm32f4xx_hal_sdram.c:511:19:HAL_SDRAM_Write_32b	12	static
stm32f4xx_hal_sdram.c:554:19:HAL_SDRAM_Read_DMA	16	static
stm32f4xx_hal_sdram.c:595:19:HAL_SDRAM_Write_DMA	16	static
stm32f4xx_hal_sdram.c:652:19:HAL_SDRAM_WriteProtection_Enable	8	static
stm32f4xx_hal_sdram.c:678:19:HAL_SDRAM_WriteProtection_Disable	8	static
stm32f4xx_hal_sdram.c:706:19:HAL_SDRAM_SendCommand	16	static
stm32f4xx_hal_sdram.c:740:19:HAL_SDRAM_ProgramRefreshRate	8	static
stm32f4xx_hal_sdram.c:767:19:HAL_SDRAM_SetAutoRefreshNumber	8	static
stm32f4xx_hal_sdram.c:793:10:HAL_SDRAM_GetModeStatus	0	static
stm32f4xx_hal_sdram.c:824:24:HAL_SDRAM_GetState	0	static
