stm32f4xx_hal_pcd.c:217:13:HAL_PCD_MspInit	0	static
stm32f4xx_hal_pcd.c:122:19:HAL_PCD_Init	56	static
stm32f4xx_hal_pcd.c:229:13:HAL_PCD_MspDeInit	0	static
stm32f4xx_hal_pcd.c:260:19:HAL_PCD_Start	8	static
stm32f4xx_hal_pcd.c:274:19:HAL_PCD_Stop	8	static
stm32f4xx_hal_pcd.c:191:19:HAL_PCD_DeInit	8	static
stm32f4xx_hal_pcd.c:580:14:HAL_PCD_DataOutStageCallback	0	static
stm32f4xx_hal_pcd.c:592:14:HAL_PCD_DataInStageCallback	0	static
stm32f4xx_hal_pcd.c:603:14:HAL_PCD_SetupStageCallback	0	static
stm32f4xx_hal_pcd.c:615:14:HAL_PCD_SOFCallback	0	static
stm32f4xx_hal_pcd.c:627:14:HAL_PCD_ResetCallback	0	static
stm32f4xx_hal_pcd.c:640:14:HAL_PCD_SuspendCallback	0	static
stm32f4xx_hal_pcd.c:652:14:HAL_PCD_ResumeCallback	0	static
stm32f4xx_hal_pcd.c:664:14:HAL_PCD_ISOOUTIncompleteCallback	0	static
stm32f4xx_hal_pcd.c:676:14:HAL_PCD_ISOINIncompleteCallback	0	static
stm32f4xx_hal_pcd.c:688:14:HAL_PCD_ConnectCallback	0	static
stm32f4xx_hal_pcd.c:700:14:HAL_PCD_DisconnectCallback	0	static
stm32f4xx_hal_pcd.c:289:6:HAL_PCD_IRQHandler	64	static
stm32f4xx_hal_pcd.c:731:19:HAL_PCD_DevConnect	8	static
stm32f4xx_hal_pcd.c:744:19:HAL_PCD_DevDisconnect	8	static
stm32f4xx_hal_pcd.c:758:19:HAL_PCD_SetAddress	8	static
stm32f4xx_hal_pcd.c:773:19:HAL_PCD_EP_Open	16	static
stm32f4xx_hal_pcd.c:815:19:HAL_PCD_EP_Close	8	static
stm32f4xx_hal_pcd.c:846:19:HAL_PCD_EP_Receive	16	static
stm32f4xx_hal_pcd.c:886:10:HAL_PCD_EP_GetRxCount	0	static
stm32f4xx_hal_pcd.c:898:19:HAL_PCD_EP_Transmit	16	static
stm32f4xx_hal_pcd.c:938:19:HAL_PCD_EP_SetStall	16	static
stm32f4xx_hal_pcd.c:973:19:HAL_PCD_EP_ClrStall	16	static
stm32f4xx_hal_pcd.c:1003:19:HAL_PCD_EP_Flush	8	static
stm32f4xx_hal_pcd.c:1026:19:HAL_PCD_ActiveRemoteWakeup	0	static
stm32f4xx_hal_pcd.c:1043:19:HAL_PCD_DeActiveRemoteWakeup	0	static
stm32f4xx_hal_pcd.c:1075:18:HAL_PCD_GetState	0	static
