stm32f4xx_hal_dma2d.c:1171:13:DMA2D_SetConfig	16	static
stm32f4xx_hal_dma2d.c:279:13:HAL_DMA2D_MspInit	0	static
stm32f4xx_hal_dma2d.c:169:19:HAL_DMA2D_Init	8	static
stm32f4xx_hal_dma2d.c:292:13:HAL_DMA2D_MspDeInit	0	static
stm32f4xx_hal_dma2d.c:250:19:HAL_DMA2D_DeInit	8	static
stm32f4xx_hal_dma2d.c:342:19:HAL_DMA2D_Start	24	static
stm32f4xx_hal_dma2d.c:379:19:HAL_DMA2D_Start_IT	24	static
stm32f4xx_hal_dma2d.c:423:19:HAL_DMA2D_BlendingStart	24	static
stm32f4xx_hal_dma2d.c:461:19:HAL_DMA2D_BlendingStart_IT	24	static
stm32f4xx_hal_dma2d.c:503:19:HAL_DMA2D_Abort	16	static
stm32f4xx_hal_dma2d.c:545:19:HAL_DMA2D_Suspend	16	static
stm32f4xx_hal_dma2d.c:581:19:HAL_DMA2D_Resume	0	static
stm32f4xx_hal_dma2d.c:599:19:HAL_DMA2D_PollForTransfer	16	static
stm32f4xx_hal_dma2d.c:702:6:HAL_DMA2D_IRQHandler	8	static
stm32f4xx_hal_dma2d.c:818:19:HAL_DMA2D_ConfigLayer	20	static
stm32f4xx_hal_dma2d.c:954:19:HAL_DMA2D_ConfigCLUT	32	static
stm32f4xx_hal_dma2d.c:1036:19:HAL_DMA2D_EnableCLUT	0	static
stm32f4xx_hal_dma2d.c:1064:19:HAL_DMA2D_DisableCLUT	0	static
stm32f4xx_hal_dma2d.c:1091:19:HAL_DMA2D_ProgramLineEvent	0	static
stm32f4xx_hal_dma2d.c:1140:24:HAL_DMA2D_GetState	0	static
stm32f4xx_hal_dma2d.c:1151:10:HAL_DMA2D_GetError	0	static
