stm32f4xx_ll_fmc.c:152:20:FMC_NORSRAM_Init	12	static
stm32f4xx_ll_fmc.c:215:19:FMC_NORSRAM_DeInit	8	static
stm32f4xx_ll_fmc.c:252:19:FMC_NORSRAM_Timing_Init	12	static
stm32f4xx_ll_fmc.c:298:20:FMC_NORSRAM_Extended_Timing_Init	8	static
stm32f4xx_ll_fmc.c:360:19:FMC_NORSRAM_WriteOperation_Enable	0	static
stm32f4xx_ll_fmc.c:378:19:FMC_NORSRAM_WriteOperation_Disable	0	static
stm32f4xx_ll_fmc.c:447:19:FMC_NAND_Init	0	static
stm32f4xx_ll_fmc.c:494:19:FMC_NAND_CommonSpace_Timing_Init	8	static
stm32f4xx_ll_fmc.c:535:19:FMC_NAND_AttributeSpace_Timing_Init	8	static
stm32f4xx_ll_fmc.c:575:19:FMC_NAND_DeInit	0	static
stm32f4xx_ll_fmc.c:633:19:FMC_NAND_ECC_Enable	0	static
stm32f4xx_ll_fmc.c:659:19:FMC_NAND_ECC_Disable	0	static
stm32f4xx_ll_fmc.c:686:19:FMC_NAND_GetECC	24	static
stm32f4xx_ll_fmc.c:781:19:FMC_PCCARD_Init	0	static
stm32f4xx_ll_fmc.c:806:19:FMC_PCCARD_CommonSpace_Timing_Init	0	static
stm32f4xx_ll_fmc.c:832:19:FMC_PCCARD_AttributeSpace_Timing_Init	0	static
stm32f4xx_ll_fmc.c:858:19:FMC_PCCARD_IOSpace_Timing_Init	0	static
stm32f4xx_ll_fmc.c:882:19:FMC_PCCARD_DeInit	0	static
stm32f4xx_ll_fmc.c:951:19:FMC_SDRAM_Init	20	static
stm32f4xx_ll_fmc.c:1013:19:FMC_SDRAM_Timing_Init	20	static
stm32f4xx_ll_fmc.c:1067:19:FMC_SDRAM_DeInit	0	static
stm32f4xx_ll_fmc.c:1109:19:FMC_SDRAM_WriteProtection_Enable	0	static
stm32f4xx_ll_fmc.c:1126:19:FMC_SDRAM_WriteProtection_Disable	0	static
stm32f4xx_ll_fmc.c:1146:19:FMC_SDRAM_SendCommand	24	static
stm32f4xx_ll_fmc.c:1194:19:FMC_SDRAM_ProgramRefreshRate	0	static
stm32f4xx_ll_fmc.c:1212:19:FMC_SDRAM_SetAutoRefreshNumber	0	static
stm32f4xx_ll_fmc.c:1233:10:FMC_SDRAM_GetModeStatus	0	static
