stm32f4xx_hal.c:220:13:HAL_MspInit	0	static
stm32f4xx_hal.c:232:13:HAL_MspDeInit	0	static
stm32f4xx_hal.c:190:19:HAL_DeInit	8	static
stm32f4xx_hal.c:255:26:HAL_InitTick	8	static
stm32f4xx_hal.c:156:19:HAL_Init	8	static
stm32f4xx_hal.c:304:13:HAL_IncTick	0	static
stm32f4xx_hal.c:316:17:HAL_GetTick	0	static
stm32f4xx_hal.c:332:13:HAL_Delay	16	static
stm32f4xx_hal.c:352:13:HAL_SuspendTick	0	static
stm32f4xx_hal.c:369:13:HAL_ResumeTick	0	static
stm32f4xx_hal.c:380:10:HAL_GetHalVersion	0	static
stm32f4xx_hal.c:390:10:HAL_GetREVID	0	static
stm32f4xx_hal.c:400:10:HAL_GetDEVID	0	static
stm32f4xx_hal.c:410:6:HAL_EnableDBGSleepMode	0	static
stm32f4xx_hal.c:420:6:HAL_DisableDBGSleepMode	0	static
stm32f4xx_hal.c:430:6:HAL_EnableDBGStopMode	0	static
stm32f4xx_hal.c:440:6:HAL_DisableDBGStopMode	0	static
stm32f4xx_hal.c:450:6:HAL_EnableDBGStandbyMode	0	static
stm32f4xx_hal.c:460:6:HAL_DisableDBGStandbyMode	0	static
stm32f4xx_hal.c:471:6:HAL_EnableCompensationCell	0	static
stm32f4xx_hal.c:482:6:HAL_DisableCompensationCell	0	static
stm32f4xx_hal.c:498:6:HAL_EnableMemorySwappingBank	0	static
stm32f4xx_hal.c:513:6:HAL_DisableMemorySwappingBank	0	static
