stm32f4xx_ll_usb.c:99:19:USB_CoreInit	16	static
stm32f4xx_ll_usb.c:146:19:USB_EnableGlobalInt	0	static
stm32f4xx_ll_usb.c:159:19:USB_DisableGlobalInt	0	static
stm32f4xx_ll_usb.c:175:19:USB_SetCurrentMode	8	static
stm32f4xx_ll_usb.c:200:19:USB_DevInit	24	static
stm32f4xx_ll_usb.c:329:19:USB_FlushTxFifo	0	static
stm32f4xx_ll_usb.c:353:19:USB_FlushRxFifo	0	static
stm32f4xx_ll_usb.c:383:19:USB_SetDevSpeed	0	static
stm32f4xx_ll_usb.c:398:9:USB_GetDevSpeed	0	static
stm32f4xx_ll_usb.c:425:19:USB_ActivateEndpoint	12	static
stm32f4xx_ll_usb.c:456:19:USB_ActivateDedicatedEndpoint	20	static
stm32f4xx_ll_usb.c:499:19:USB_DeactivateEndpoint	8	static
stm32f4xx_ll_usb.c:524:19:USB_DeactivateDedicatedEndpoint	8	static
stm32f4xx_ll_usb.c:550:19:USB_EPStartXfer	32	static
stm32f4xx_ll_usb.c:672:19:USB_EP0StartXfer	20	static
stm32f4xx_ll_usb.c:761:19:USB_WritePacket	8	static
stm32f4xx_ll_usb.c:789:7:USB_ReadPacket	8	static
stm32f4xx_ll_usb.c:808:19:USB_EPSetStall	0	static
stm32f4xx_ll_usb.c:836:19:USB_EPClearStall	0	static
stm32f4xx_ll_usb.c:862:19:USB_StopDevice	16	static
stm32f4xx_ll_usb.c:893:20:USB_SetDevAddress	0	static
stm32f4xx_ll_usb.c:906:20:USB_DevConnect	8	static
stm32f4xx_ll_usb.c:919:20:USB_DevDisconnect	8	static
stm32f4xx_ll_usb.c:932:11:USB_ReadInterrupts	0	static
stm32f4xx_ll_usb.c:946:10:USB_ReadDevAllOutEpInterrupt	0	static
stm32f4xx_ll_usb.c:959:10:USB_ReadDevAllInEpInterrupt	0	static
stm32f4xx_ll_usb.c:974:10:USB_ReadDevOutEPInterrupt	0	static
stm32f4xx_ll_usb.c:989:10:USB_ReadDevInEPInterrupt	8	static
stm32f4xx_ll_usb.c:1006:7:USB_ClearInterrupts	0	static
stm32f4xx_ll_usb.c:1019:10:USB_GetMode	0	static
stm32f4xx_ll_usb.c:1030:20:USB_ActivateSetup	0	static
stm32f4xx_ll_usb.c:1055:19:USB_EP0_OutStart	8	static
stm32f4xx_ll_usb.c:1078:26:USB_CoreReset	0	static
stm32f4xx_ll_usb.c:1117:19:USB_HostInit	16	static
stm32f4xx_ll_usb.c:1204:19:USB_InitFSLSPClkSel	8	static
stm32f4xx_ll_usb.c:1227:19:USB_ResetPort	16	static
stm32f4xx_ll_usb.c:1250:19:USB_DriveVbus	8	static
stm32f4xx_ll_usb.c:1278:10:USB_GetHostSpeed	8	static
stm32f4xx_ll_usb.c:1291:10:USB_GetCurrentFrame	0	static
stm32f4xx_ll_usb.c:1320:19:USB_HC_Init	20	static
stm32f4xx_ll_usb.c:1424:19:USB_HC_StartXfer	40	static
stm32f4xx_ll_usb.c:1534:10:USB_HC_ReadInterrupt	16	static
stm32f4xx_ll_usb.c:1546:19:USB_HC_Halt	24	static
stm32f4xx_ll_usb.c:1608:19:USB_DoPing	24	static
stm32f4xx_ll_usb.c:1627:19:USB_StopHost	32	static
