stm32f4xx_hal_ltdc.c:1098:13:LTDC_SetConfig	20	static
stm32f4xx_hal_ltdc.c:262:13:HAL_LTDC_MspInit	0	static
stm32f4xx_hal_ltdc.c:148:19:HAL_LTDC_Init	16	static
stm32f4xx_hal_ltdc.c:275:13:HAL_LTDC_MspDeInit	0	static
stm32f4xx_hal_ltdc.c:239:19:HAL_LTDC_DeInit	8	static
stm32f4xx_hal_ltdc.c:384:13:HAL_LTDC_ErrorCallback	0	static
stm32f4xx_hal_ltdc.c:397:13:HAL_LTDC_LineEvenCallback	0	static
stm32f4xx_hal_ltdc.c:305:6:HAL_LTDC_IRQHandler	8	static
stm32f4xx_hal_ltdc.c:444:19:HAL_LTDC_ConfigLayer	24	static
stm32f4xx_hal_ltdc.c:493:19:HAL_LTDC_ConfigColorKeying	8	static
stm32f4xx_hal_ltdc.c:531:19:HAL_LTDC_ConfigCLUT	16	static
stm32f4xx_hal_ltdc.c:574:19:HAL_LTDC_EnableColorKeying	0	static
stm32f4xx_hal_ltdc.c:609:19:HAL_LTDC_DisableColorKeying	0	static
stm32f4xx_hal_ltdc.c:644:19:HAL_LTDC_EnableCLUT	0	static
stm32f4xx_hal_ltdc.c:680:19:HAL_LTDC_DisableCLUT	0	static
stm32f4xx_hal_ltdc.c:714:19:HAL_LTDC_EnableDither	0	static
stm32f4xx_hal_ltdc.c:741:19:HAL_LTDC_DisableDither	0	static
stm32f4xx_hal_ltdc.c:772:19:HAL_LTDC_SetWindowSize	24	static
stm32f4xx_hal_ltdc.c:834:19:HAL_LTDC_SetWindowPosition	24	static
stm32f4xx_hal_ltdc.c:887:19:HAL_LTDC_SetPixelFormat	16	static
stm32f4xx_hal_ltdc.c:932:19:HAL_LTDC_SetAlpha	16	static
stm32f4xx_hal_ltdc.c:976:19:HAL_LTDC_SetAddress	16	static
stm32f4xx_hal_ltdc.c:1017:19:HAL_LTDC_ProgramLineEvent	0	static
stm32f4xx_hal_ltdc.c:1069:23:HAL_LTDC_GetState	0	static
stm32f4xx_hal_ltdc.c:1080:10:HAL_LTDC_GetError	0	static
