stm32f4xx_hal_spi.c:2185:26:SPI_WaitOnFlagUntilTimeout	24	static
stm32f4xx_hal_spi.c:259:14:HAL_SPI_MspInit	0	static
stm32f4xx_hal_spi.c:169:19:HAL_SPI_Init	8	static
stm32f4xx_hal_spi.c:272:14:HAL_SPI_MspDeInit	0	static
stm32f4xx_hal_spi.c:230:19:HAL_SPI_DeInit	8	static
stm32f4xx_hal_spi.c:343:19:HAL_SPI_Transmit	16	static
stm32f4xx_hal_spi.c:660:19:HAL_SPI_TransmitReceive	24	static
stm32f4xx_hal_spi.c:485:19:HAL_SPI_Receive	32	static
stm32f4xx_hal_spi.c:911:19:HAL_SPI_Transmit_IT	8	static
stm32f4xx_hal_spi.c:1066:19:HAL_SPI_TransmitReceive_IT	12	static
stm32f4xx_hal_spi.c:986:19:HAL_SPI_Receive_IT	12	static
stm32f4xx_hal_spi.c:1139:19:HAL_SPI_Transmit_DMA	16	static
stm32f4xx_hal_spi.c:1311:19:HAL_SPI_TransmitReceive_DMA	16	static
stm32f4xx_hal_spi.c:1222:19:HAL_SPI_Receive_DMA	16	static
stm32f4xx_hal_spi.c:1418:19:HAL_SPI_DMAPause	0	static
stm32f4xx_hal_spi.c:1439:19:HAL_SPI_DMAResume	0	static
stm32f4xx_hal_spi.c:1460:19:HAL_SPI_DMAStop	8	static
stm32f4xx_hal_spi.c:1564:13:HAL_SPI_TxCpltCallback	0	static
stm32f4xx_hal_spi.c:1577:13:HAL_SPI_RxCpltCallback	0	static
stm32f4xx_hal_spi.c:1590:13:HAL_SPI_TxRxCpltCallback	0	static
stm32f4xx_hal_spi.c:1603:13:HAL_SPI_TxHalfCpltCallback	0	static
stm32f4xx_hal_spi.c:2130:13:SPI_DMAHalfTransmitCplt	8	static
stm32f4xx_hal_spi.c:1616:13:HAL_SPI_RxHalfCpltCallback	0	static
stm32f4xx_hal_spi.c:2143:13:SPI_DMAHalfReceiveCplt	8	static
stm32f4xx_hal_spi.c:1629:13:HAL_SPI_TxRxHalfCpltCallback	0	static
stm32f4xx_hal_spi.c:2156:13:SPI_DMAHalfTransmitReceiveCplt	8	static
stm32f4xx_hal_spi.c:1642:14:HAL_SPI_ErrorCallback	0	static
stm32f4xx_hal_spi.c:1763:13:SPI_TxISR	8	static
stm32f4xx_hal_spi.c:1795:13:SPI_RxCloseIRQHandler	16	static
stm32f4xx_hal_spi.c:1901:13:SPI_RxISR	0	static
stm32f4xx_hal_spi.c:1874:13:SPI_2LinesRxISR	0	static
stm32f4xx_hal_spi.c:2169:13:SPI_DMAError	8	static
stm32f4xx_hal_spi.c:1935:13:SPI_DMATransmitCplt	8	static
stm32f4xx_hal_spi.c:1984:13:SPI_DMAReceiveCplt	16	static
stm32f4xx_hal_spi.c:2055:13:SPI_DMATransmitReceiveCplt	16	static
stm32f4xx_hal_spi.c:1494:6:HAL_SPI_IRQHandler	16	static
stm32f4xx_hal_spi.c:1676:22:HAL_SPI_GetState	0	static
stm32f4xx_hal_spi.c:1687:22:HAL_SPI_GetError	0	static
