stm32f4xx_hal_flash_ex.c:528:13:FLASH_MassErase.isra.0	0	static
stm32f4xx_hal_flash_ex.c:282:19:HAL_FLASHEx_OBProgram	24	static
stm32f4xx_hal_flash_ex.c:341:6:HAL_FLASHEx_OBGetConfig	0	static
stm32f4xx_hal_flash_ex.c:367:19:HAL_FLASHEx_AdvOBProgram	24	static
stm32f4xx_hal_flash_ex.c:417:6:HAL_FLASHEx_AdvOBGetConfig	0	static
stm32f4xx_hal_flash_ex.c:446:19:HAL_FLASHEx_OB_SelectPCROP	0	static
stm32f4xx_hal_flash_ex.c:472:19:HAL_FLASHEx_OB_DeSelectPCROP	0	static
stm32f4xx_hal_flash_ex.c:495:10:HAL_FLASHEx_OB_GetBank2WRP	0	static
stm32f4xx_hal_flash_ex.c:574:6:FLASH_Erase_Sector	0	static
stm32f4xx_hal_flash_ex.c:159:19:HAL_FLASHEx_Erase	32	static
stm32f4xx_hal_flash_ex.c:229:19:HAL_FLASHEx_Erase_IT	8	static
