stm32f4xx_hal_i2c.c:3602:26:I2C_WaitOnMasterAddressFlagUntilTimeout	24	static
stm32f4xx_hal_i2c.c:3545:26:I2C_WaitOnFlagUntilTimeout	24	static
stm32f4xx_hal_i2c.c:2937:26:I2C_MasterRequestWrite	16	static
stm32f4xx_hal_i2c.c:2998:26:I2C_MasterRequestRead	24	static
stm32f4xx_hal_i2c.c:3092:26:I2C_RequestMemoryWrite	24	static
stm32f4xx_hal_i2c.c:3162:26:I2C_RequestMemoryRead	24	static
stm32f4xx_hal_i2c.c:390:14:HAL_I2C_MspInit	0	static
stm32f4xx_hal_i2c.c:277:19:HAL_I2C_Init	16	static
stm32f4xx_hal_i2c.c:403:14:HAL_I2C_MspDeInit	0	static
stm32f4xx_hal_i2c.c:355:19:HAL_I2C_DeInit	8	static
stm32f4xx_hal_i2c.c:483:19:HAL_I2C_Master_Transmit	24	static
stm32f4xx_hal_i2c.c:581:19:HAL_I2C_Master_Receive	24	static
stm32f4xx_hal_i2c.c:772:19:HAL_I2C_Slave_Transmit	24	static
stm32f4xx_hal_i2c.c:877:19:HAL_I2C_Slave_Receive	24	static
stm32f4xx_hal_i2c.c:969:19:HAL_I2C_Master_Transmit_IT	24	static
stm32f4xx_hal_i2c.c:1040:19:HAL_I2C_Master_Receive_IT	24	static
stm32f4xx_hal_i2c.c:1138:19:HAL_I2C_Slave_Transmit_IT	12	static
stm32f4xx_hal_i2c.c:1191:19:HAL_I2C_Slave_Receive_IT	12	static
stm32f4xx_hal_i2c.c:1245:19:HAL_I2C_Master_Transmit_DMA	24	static
stm32f4xx_hal_i2c.c:1321:19:HAL_I2C_Master_Receive_DMA	24	static
stm32f4xx_hal_i2c.c:1407:19:HAL_I2C_Slave_Transmit_DMA	24	static
stm32f4xx_hal_i2c.c:1492:19:HAL_I2C_Slave_Receive_DMA	16	static
stm32f4xx_hal_i2c.c:1562:19:HAL_I2C_Mem_Write	40	static
stm32f4xx_hal_i2c.c:1662:19:HAL_I2C_Mem_Read	40	static
stm32f4xx_hal_i2c.c:1854:19:HAL_I2C_Mem_Write_IT	32	static
stm32f4xx_hal_i2c.c:1927:19:HAL_I2C_Mem_Read_IT	32	static
stm32f4xx_hal_i2c.c:2030:19:HAL_I2C_Mem_Write_DMA	40	static
stm32f4xx_hal_i2c.c:2108:19:HAL_I2C_Mem_Read_DMA	40	static
stm32f4xx_hal_i2c.c:2199:19:HAL_I2C_IsDeviceReady	40	static
stm32f4xx_hal_i2c.c:2482:14:HAL_I2C_MasterTxCpltCallback	0	static
stm32f4xx_hal_i2c.c:2495:13:HAL_I2C_MasterRxCpltCallback	0	static
stm32f4xx_hal_i2c.c:2507:14:HAL_I2C_SlaveTxCpltCallback	0	static
stm32f4xx_hal_i2c.c:2520:13:HAL_I2C_SlaveRxCpltCallback	0	static
stm32f4xx_hal_i2c.c:2533:14:HAL_I2C_MemTxCpltCallback	0	static
stm32f4xx_hal_i2c.c:2546:13:HAL_I2C_MemRxCpltCallback	0	static
stm32f4xx_hal_i2c.c:2307:6:HAL_I2C_EV_IRQHandler	16	static
stm32f4xx_hal_i2c.c:2559:14:HAL_I2C_ErrorCallback	0	static
stm32f4xx_hal_i2c.c:3520:13:I2C_DMAError	8	static
stm32f4xx_hal_i2c.c:3262:13:I2C_DMAMasterTransmitCplt	8	static
stm32f4xx_hal_i2c.c:3349:13:I2C_DMAMasterReceiveCplt	8	static
stm32f4xx_hal_i2c.c:3304:13:I2C_DMASlaveTransmitCplt	8	static
stm32f4xx_hal_i2c.c:3391:13:I2C_DMASlaveReceiveCplt	8	static
stm32f4xx_hal_i2c.c:3436:13:I2C_DMAMemTransmitCplt	8	static
stm32f4xx_hal_i2c.c:3478:13:I2C_DMAMemReceiveCplt	8	static
stm32f4xx_hal_i2c.c:2412:6:HAL_I2C_ER_IRQHandler	8	static
stm32f4xx_hal_i2c.c:2591:22:HAL_I2C_GetState	0	static
stm32f4xx_hal_i2c.c:2602:10:HAL_I2C_GetError	0	static
