Archive member included to satisfy reference by file (symbol)

/opt/Atollic_TrueSTUDIO_for_STM32_x86_64_9.0.1/ARMTools/bin/../lib/gcc/arm-atollic-eabi/6.3.1/../../../../arm-atollic-eabi/lib/armv7e-m/fpu/libc_nano.a(lib_a-init.o)
                              startup/startup_stm32f429xx.o (__libc_init_array)
/opt/Atollic_TrueSTUDIO_for_STM32_x86_64_9.0.1/ARMTools/bin/../lib/gcc/arm-atollic-eabi/6.3.1/../../../../arm-atollic-eabi/lib/armv7e-m/fpu/libc_nano.a(lib_a-malloc.o)
                              Middlewares/ST/STM32_USB_Device_Library/Class/HID/Src/usbd_hid.o (malloc)
/opt/Atollic_TrueSTUDIO_for_STM32_x86_64_9.0.1/ARMTools/bin/../lib/gcc/arm-atollic-eabi/6.3.1/../../../../arm-atollic-eabi/lib/armv7e-m/fpu/libc_nano.a(lib_a-nano-freer.o)
                              /opt/Atollic_TrueSTUDIO_for_STM32_x86_64_9.0.1/ARMTools/bin/../lib/gcc/arm-atollic-eabi/6.3.1/../../../../arm-atollic-eabi/lib/armv7e-m/fpu/libc_nano.a(lib_a-malloc.o) (_free_r)
/opt/Atollic_TrueSTUDIO_for_STM32_x86_64_9.0.1/ARMTools/bin/../lib/gcc/arm-atollic-eabi/6.3.1/../../../../arm-atollic-eabi/lib/armv7e-m/fpu/libc_nano.a(lib_a-nano-mallocr.o)
                              /opt/Atollic_TrueSTUDIO_for_STM32_x86_64_9.0.1/ARMTools/bin/../lib/gcc/arm-atollic-eabi/6.3.1/../../../../arm-atollic-eabi/lib/armv7e-m/fpu/libc_nano.a(lib_a-malloc.o) (_malloc_r)
/opt/Atollic_TrueSTUDIO_for_STM32_x86_64_9.0.1/ARMTools/bin/../lib/gcc/arm-atollic-eabi/6.3.1/../../../../arm-atollic-eabi/lib/armv7e-m/fpu/libc_nano.a(lib_a-sbrkr.o)
                              /opt/Atollic_TrueSTUDIO_for_STM32_x86_64_9.0.1/ARMTools/bin/../lib/gcc/arm-atollic-eabi/6.3.1/../../../../arm-atollic-eabi/lib/armv7e-m/fpu/libc_nano.a(lib_a-nano-mallocr.o) (_sbrk_r)
/opt/Atollic_TrueSTUDIO_for_STM32_x86_64_9.0.1/ARMTools/bin/../lib/gcc/arm-atollic-eabi/6.3.1/../../../../arm-atollic-eabi/lib/armv7e-m/fpu/libc_nano.a(lib_a-impure.o)
                              /opt/Atollic_TrueSTUDIO_for_STM32_x86_64_9.0.1/ARMTools/bin/../lib/gcc/arm-atollic-eabi/6.3.1/../../../../arm-atollic-eabi/lib/armv7e-m/fpu/libc_nano.a(lib_a-malloc.o) (_impure_ptr)
/opt/Atollic_TrueSTUDIO_for_STM32_x86_64_9.0.1/ARMTools/bin/../lib/gcc/arm-atollic-eabi/6.3.1/../../../../arm-atollic-eabi/lib/armv7e-m/fpu/libc_nano.a(lib_a-mlock.o)
                              /opt/Atollic_TrueSTUDIO_for_STM32_x86_64_9.0.1/ARMTools/bin/../lib/gcc/arm-atollic-eabi/6.3.1/../../../../arm-atollic-eabi/lib/armv7e-m/fpu/libc_nano.a(lib_a-nano-freer.o) (__malloc_lock)
/opt/Atollic_TrueSTUDIO_for_STM32_x86_64_9.0.1/ARMTools/bin/../lib/gcc/arm-atollic-eabi/6.3.1/../../../../arm-atollic-eabi/lib/armv7e-m/fpu/libc_nano.a(lib_a-reent.o)
                              /opt/Atollic_TrueSTUDIO_for_STM32_x86_64_9.0.1/ARMTools/bin/../lib/gcc/arm-atollic-eabi/6.3.1/../../../../arm-atollic-eabi/lib/armv7e-m/fpu/libc_nano.a(lib_a-sbrkr.o) (errno)
/opt/Atollic_TrueSTUDIO_for_STM32_x86_64_9.0.1/ARMTools/bin/../lib/gcc/arm-atollic-eabi/6.3.1/../../../../arm-atollic-eabi/lib/armv7e-m/fpu/libnosys.a(sbrk.o)
                              /opt/Atollic_TrueSTUDIO_for_STM32_x86_64_9.0.1/ARMTools/bin/../lib/gcc/arm-atollic-eabi/6.3.1/../../../../arm-atollic-eabi/lib/armv7e-m/fpu/libc_nano.a(lib_a-sbrkr.o) (_sbrk)

Allocating common symbols
Common symbol       size              file

LtdcHandle          0xa8              Src/main.o
errno               0x4               /opt/Atollic_TrueSTUDIO_for_STM32_x86_64_9.0.1/ARMTools/bin/../lib/gcc/arm-atollic-eabi/6.3.1/../../../../arm-atollic-eabi/lib/armv7e-m/fpu/libc_nano.a(lib_a-reent.o)
hpcd                0x3b0             Src/usbd_conf.o
pFlash              0x1c              Drivers/STM32F4xx_HAL_Drivers/Src/stm32f4xx_hal_flash.o
USBD_Device         0x224             Src/main.o
USBD_StrDesc        0x100             Src/usbd_desc.o
I2cHandle           0x38              Src/stm32f429i_discovery.o
LcdDrv              0x4               Src/stm32f429i_discovery_lcd.o

Discarded input sections

 .text          0x0000000000000000        0x0 /opt/Atollic_TrueSTUDIO_for_STM32_x86_64_9.0.1/ARMTools/bin/../lib/gcc/arm-atollic-eabi/6.3.1/armv7e-m/fpu/crti.o
 .data          0x0000000000000000        0x0 /opt/Atollic_TrueSTUDIO_for_STM32_x86_64_9.0.1/ARMTools/bin/../lib/gcc/arm-atollic-eabi/6.3.1/armv7e-m/fpu/crti.o
 .bss           0x0000000000000000        0x0 /opt/Atollic_TrueSTUDIO_for_STM32_x86_64_9.0.1/ARMTools/bin/../lib/gcc/arm-atollic-eabi/6.3.1/armv7e-m/fpu/crti.o
 .data          0x0000000000000000        0x4 /opt/Atollic_TrueSTUDIO_for_STM32_x86_64_9.0.1/ARMTools/bin/../lib/gcc/arm-atollic-eabi/6.3.1/armv7e-m/fpu/crtbegin.o
 .text          0x0000000000000000        0x0 Drivers/CMSIS/system_stm32f4xx.o
 .data          0x0000000000000000        0x0 Drivers/CMSIS/system_stm32f4xx.o
 .bss           0x0000000000000000        0x0 Drivers/CMSIS/system_stm32f4xx.o
 .text.SystemCoreClockUpdate
                0x0000000000000000       0x74 Drivers/CMSIS/system_stm32f4xx.o
 .data.AHBPrescTable
[...]
Memory Configuration

Name             Origin             Length             Attributes
RAM              0x0000000020000000 0x0000000000030000 xrw
CCMRAM           0x0000000010000000 0x0000000000010000 rw
FLASH            0x0000000008000000 0x0000000000200000 xr
*default*        0x0000000000000000 0xffffffffffffffff

Linker script and memory map

LOAD /opt/Atollic_TrueSTUDIO_for_STM32_x86_64_9.0.1/ARMTools/bin/../lib/gcc/arm-atollic-eabi/6.3.1/armv7e-m/fpu/crti.o
LOAD /opt/Atollic_TrueSTUDIO_for_STM32_x86_64_9.0.1/ARMTools/bin/../lib/gcc/arm-atollic-eabi/6.3.1/armv7e-m/fpu/crtbegin.o
LOAD Drivers/CMSIS/system_stm32f4xx.o
LOAD Drivers/STM32F4xx_HAL_Drivers/Src/stm32f4xx_hal.o
LOAD Drivers/STM32F4xx_HAL_Drivers/Src/stm32f4xx_hal_cortex.o
LOAD Drivers/STM32F4xx_HAL_Drivers/Src/stm32f4xx_hal_dma.o
LOAD Drivers/STM32F4xx_HAL_Drivers/Src/stm32f4xx_hal_dma2d.o
LOAD Drivers/STM32F4xx_HAL_Drivers/Src/stm32f4xx_hal_dma_ex.o
LOAD Drivers/STM32F4xx_HAL_Drivers/Src/stm32f4xx_hal_flash.o
LOAD Drivers/STM32F4xx_HAL_Drivers/Src/stm32f4xx_hal_flash_ex.o
LOAD Drivers/STM32F4xx_HAL_Drivers/Src/stm32f4xx_hal_flash_ramfunc.o
LOAD Drivers/STM32F4xx_HAL_Drivers/Src/stm32f4xx_hal_gpio.o
LOAD Drivers/STM32F4xx_HAL_Drivers/Src/stm32f4xx_hal_i2c.o
LOAD Drivers/STM32F4xx_HAL_Drivers/Src/stm32f4xx_hal_i2c_ex.o
LOAD Drivers/STM32F4xx_HAL_Drivers/Src/stm32f4xx_hal_ltdc.o
LOAD Drivers/STM32F4xx_HAL_Drivers/Src/stm32f4xx_hal_pcd.o
LOAD Drivers/STM32F4xx_HAL_Drivers/Src/stm32f4xx_hal_pcd_ex.o
LOAD Drivers/STM32F4xx_HAL_Drivers/Src/stm32f4xx_hal_pwr.o
LOAD Drivers/STM32F4xx_HAL_Drivers/Src/stm32f4xx_hal_pwr_ex.o
LOAD Drivers/STM32F4xx_HAL_Drivers/Src/stm32f4xx_hal_rcc.o
LOAD Drivers/STM32F4xx_HAL_Drivers/Src/stm32f4xx_hal_rcc_ex.o
LOAD Drivers/STM32F4xx_HAL_Drivers/Src/stm32f4xx_hal_sdram.o
LOAD Drivers/STM32F4xx_HAL_Drivers/Src/stm32f4xx_hal_spi.o
LOAD Drivers/STM32F4xx_HAL_Drivers/Src/stm32f4xx_ll_fmc.o
LOAD Drivers/STM32F4xx_HAL_Drivers/Src/stm32f4xx_ll_usb.o
LOAD Middlewares/ST/STM32_USB_Device_Library/Class/HID/Src/usbd_hid.o
LOAD Middlewares/ST/STM32_USB_Device_Library/Core/Src/usbd_core.o
LOAD Middlewares/ST/STM32_USB_Device_Library/Core/Src/usbd_ctlreq.o
LOAD Middlewares/ST/STM32_USB_Device_Library/Core/Src/usbd_ioreq.o
LOAD Src/ili9341.o
LOAD Src/l3gd20.o
LOAD Src/lcd_layout.o
LOAD Src/main.o
LOAD Src/stm32f429i_discovery.o
LOAD Src/stm32f429i_discovery_gyroscope.o
LOAD Src/stm32f429i_discovery_io.o
LOAD Src/stm32f429i_discovery_lcd.o
LOAD Src/stm32f429i_discovery_sdram.o
LOAD Src/stm32f429i_discovery_ts.o
LOAD Src/stm32f4xx_hal_msp.o
LOAD Src/stm32f4xx_it.o
LOAD Src/stmpe811.o
LOAD Src/ts_api_extends.o
LOAD Src/usb_mouse_api.o
LOAD Src/usbd_conf.o
LOAD Src/usbd_desc.o
LOAD startup/startup_stm32f429xx.o
                0x0000000000000080                malloc_getpagesize_P = 0x80
START GROUP
LOAD /opt/Atollic_TrueSTUDIO_for_STM32_x86_64_9.0.1/ARMTools/bin/../lib/gcc/arm-atollic-eabi/6.3.1/../../../../arm-atollic-eabi/lib/armv7e-m/fpu/libc_nano.a
LOAD /opt/Atollic_TrueSTUDIO_for_STM32_x86_64_9.0.1/ARMTools/bin/../lib/gcc/arm-atollic-eabi/6.3.1/../../../../arm-atollic-eabi/lib/armv7e-m/fpu/libm.a
END GROUP
START GROUP
LOAD /opt/Atollic_TrueSTUDIO_for_STM32_x86_64_9.0.1/ARMTools/bin/../lib/gcc/arm-atollic-eabi/6.3.1/armv7e-m/fpu/libgcc.a
LOAD /opt/Atollic_TrueSTUDIO_for_STM32_x86_64_9.0.1/ARMTools/bin/../lib/gcc/arm-atollic-eabi/6.3.1/../../../../arm-atollic-eabi/lib/armv7e-m/fpu/libc_nano.a
END GROUP
START GROUP
LOAD /opt/Atollic_TrueSTUDIO_for_STM32_x86_64_9.0.1/ARMTools/bin/../lib/gcc/arm-atollic-eabi/6.3.1/armv7e-m/fpu/libgcc.a
LOAD /opt/Atollic_TrueSTUDIO_for_STM32_x86_64_9.0.1/ARMTools/bin/../lib/gcc/arm-atollic-eabi/6.3.1/../../../../arm-atollic-eabi/lib/armv7e-m/fpu/libc_nano.a
LOAD /opt/Atollic_TrueSTUDIO_for_STM32_x86_64_9.0.1/ARMTools/bin/../lib/gcc/arm-atollic-eabi/6.3.1/../../../../arm-atollic-eabi/lib/armv7e-m/fpu/libnosys.a
END GROUP
START GROUP
LOAD /opt/Atollic_TrueSTUDIO_for_STM32_x86_64_9.0.1/ARMTools/bin/../lib/gcc/arm-atollic-eabi/6.3.1/armv7e-m/fpu/libgcc.a
LOAD /opt/Atollic_TrueSTUDIO_for_STM32_x86_64_9.0.1/ARMTools/bin/../lib/gcc/arm-atollic-eabi/6.3.1/../../../../arm-atollic-eabi/lib/armv7e-m/fpu/libc_nano.a
LOAD /opt/Atollic_TrueSTUDIO_for_STM32_x86_64_9.0.1/ARMTools/bin/../lib/gcc/arm-atollic-eabi/6.3.1/../../../../arm-atollic-eabi/lib/armv7e-m/fpu/libnosys.a
END GROUP
LOAD /opt/Atollic_TrueSTUDIO_for_STM32_x86_64_9.0.1/ARMTools/bin/../lib/gcc/arm-atollic-eabi/6.3.1/armv7e-m/fpu/crtend.o
LOAD /opt/Atollic_TrueSTUDIO_for_STM32_x86_64_9.0.1/ARMTools/bin/../lib/gcc/arm-atollic-eabi/6.3.1/armv7e-m/fpu/crtn.o
                0x0000000020030000                _estack = 0x20030000
                0x0000000000000200                _Min_Heap_Size = 0x200
                0x0000000000000400                _Min_Stack_Size = 0x400

.isr_vector     0x0000000008000000      0x1ac
                0x0000000008000000                . = ALIGN (0x4)
 *(.isr_vector)
 .isr_vector    0x0000000008000000      0x1ac startup/startup_stm32f429xx.o
                0x0000000008000000                g_pfnVectors
                0x00000000080001ac                . = ALIGN (0x4)

.text           0x00000000080001ac     0x62cc
                0x00000000080001ac                . = ALIGN (0x4)
 *(.text)
 .text          0x00000000080001ac       0x40 /opt/Atollic_TrueSTUDIO_for_STM32_x86_64_9.0.1/ARMTools/bin/../lib/gcc/arm-atollic-eabi/6.3.1/armv7e-m/fpu/crtbegin.o
 *(.text*)
 .text.SystemInit
                0x00000000080001ec       0x4c Drivers/CMSIS/system_stm32f4xx.o
                0x00000000080001ec                SystemInit
 .text.HAL_MspInit
                0x0000000008000238        0x2 Drivers/STM32F4xx_HAL_Drivers/Src/stm32f4xx_hal.o
                0x0000000008000238                HAL_MspInit
 .text.HAL_InitTick
                0x000000000800023a       0x24 Drivers/STM32F4xx_HAL_Drivers/Src/stm32f4xx_hal.o
                0x000000000800023a                HAL_InitTick
 *fill*         0x000000000800025e        0x2 
 .text.HAL_Init
                0x0000000008000260       0x34 Drivers/STM32F4xx_HAL_Drivers/Src/stm32f4xx_hal.o
                0x0000000008000260                HAL_Init
 .text.HAL_IncTick
                0x0000000008000294       0x10 Drivers/STM32F4xx_HAL_Drivers/Src/stm32f4xx_hal.o
                0x0000000008000294                HAL_IncTick
 .text.HAL_GetTick
                0x00000000080002a4        0xc Drivers/STM32F4xx_HAL_Drivers/Src/stm32f4xx_hal.o
                0x00000000080002a4                HAL_GetTick
 .text.HAL_Delay
                0x00000000080002b0       0x1a Drivers/STM32F4xx_HAL_Drivers/Src/stm32f4xx_hal.o
                0x00000000080002b0                HAL_Delay
 *fill*         0x00000000080002ca        0x2 
 .text.HAL_NVIC_SetPriorityGrouping
                0x00000000080002cc       0x24 Drivers/STM32F4xx_HAL_Drivers/Src/stm32f4xx_hal_cortex.o
                0x00000000080002cc                HAL_NVIC_SetPriorityGrouping
 .text.HAL_NVIC_SetPriority
                0x00000000080002f0       0x68 Drivers/STM32F4xx_HAL_Drivers/Src/stm32f4xx_hal_cortex.o
                0x00000000080002f0                HAL_NVIC_SetPriority
 .text.HAL_NVIC_EnableIRQ
                0x0000000008000358       0x18 Drivers/STM32F4xx_HAL_Drivers/Src/stm32f4xx_hal_cortex.o
                0x0000000008000358                HAL_NVIC_EnableIRQ
 .text.HAL_SYSTICK_Config
                0x0000000008000370       0x2c Drivers/STM32F4xx_HAL_Drivers/Src/stm32f4xx_hal_cortex.o
                0x0000000008000370                HAL_SYSTICK_Config
 .text.HAL_DMA_Init
                0x000000000800039c       0x74 Drivers/STM32F4xx_HAL_Drivers/Src/stm32f4xx_hal_dma.o
                0x000000000800039c                HAL_DMA_Init
 .text.HAL_DMA_DeInit
                0x0000000008000410      0x394 Drivers/STM32F4xx_HAL_Drivers/Src/stm32f4xx_hal_dma.o
                0x0000000008000410                HAL_DMA_DeInit
 .text.DMA2D_SetConfig
                0x00000000080007a4       0x7c Drivers/STM32F4xx_HAL_Drivers/Src/stm32f4xx_hal_dma2d.o
 .text.HAL_DMA2D_MspInit
                0x0000000008000820        0x2 Drivers/STM32F4xx_HAL_Drivers/Src/stm32f4xx_hal_dma2d.o
                0x0000000008000820                HAL_DMA2D_MspInit
 .text.HAL_DMA2D_Init
                0x0000000008000822       0x50 Drivers/STM32F4xx_HAL_Drivers/Src/stm32f4xx_hal_dma2d.o
                0x0000000008000822                HAL_DMA2D_Init
 .text.HAL_DMA2D_Start
                0x0000000008000872       0x40 Drivers/STM32F4xx_HAL_Drivers/Src/stm32f4xx_hal_dma2d.o
                0x0000000008000872                HAL_DMA2D_Start
 .text.HAL_DMA2D_PollForTransfer
                0x00000000080008b2       0xc0 Drivers/STM32F4xx_HAL_Drivers/Src/stm32f4xx_hal_dma2d.o
                0x00000000080008b2                HAL_DMA2D_PollForTransfer
 *fill*         0x0000000008000972        0x2 
 .text.HAL_DMA2D_ConfigLayer
                0x0000000008000974       0xe0 Drivers/STM32F4xx_HAL_Drivers/Src/stm32f4xx_hal_dma2d.o
                0x0000000008000974                HAL_DMA2D_ConfigLayer
 .text.HAL_GPIO_Init
                0x0000000008000a54      0x1c4 Drivers/STM32F4xx_HAL_Drivers/Src/stm32f4xx_hal_gpio.o
                0x0000000008000a54                HAL_GPIO_Init
 .text.HAL_GPIO_WritePin
                0x0000000008000c18        0xa Drivers/STM32F4xx_HAL_Drivers/Src/stm32f4xx_hal_gpio.o
                0x0000000008000c18                HAL_GPIO_WritePin
 .text.I2C_WaitOnMasterAddressFlagUntilTimeout
                0x0000000008000c22       0x80 Drivers/STM32F4xx_HAL_Drivers/Src/stm32f4xx_hal_i2c.o
 .text.I2C_WaitOnFlagUntilTimeout
                0x0000000008000ca2       0x90 Drivers/STM32F4xx_HAL_Drivers/Src/stm32f4xx_hal_i2c.o
 *fill*         0x0000000008000d32        0x2 
 .text.I2C_RequestMemoryWrite
                0x0000000008000d34       0x88 Drivers/STM32F4xx_HAL_Drivers/Src/stm32f4xx_hal_i2c.o
 .text.I2C_RequestMemoryRead
                0x0000000008000dbc       0xd4 Drivers/STM32F4xx_HAL_Drivers/Src/stm32f4xx_hal_i2c.o
 .text.HAL_I2C_MspInit
                0x0000000008000e90        0x2 Drivers/STM32F4xx_HAL_Drivers/Src/stm32f4xx_hal_i2c.o
                0x0000000008000e90                HAL_I2C_MspInit
 *fill*         0x0000000008000e92        0x2 
 .text.HAL_I2C_Init
                0x0000000008000e94       0xd0 Drivers/STM32F4xx_HAL_Drivers/Src/stm32f4xx_hal_i2c.o
                0x0000000008000e94                HAL_I2C_Init
 .text.HAL_I2C_MspDeInit
                0x0000000008000f64        0x2 Drivers/STM32F4xx_HAL_Drivers/Src/stm32f4xx_hal_i2c.o
                0x0000000008000f64                HAL_I2C_MspDeInit
 .text.HAL_I2C_DeInit
                0x0000000008000f66       0x2e Drivers/STM32F4xx_HAL_Drivers/Src/stm32f4xx_hal_i2c.o
                0x0000000008000f66                HAL_I2C_DeInit
 .text.HAL_I2C_Mem_Write
                0x0000000008000f94       0xec Drivers/STM32F4xx_HAL_Drivers/Src/stm32f4xx_hal_i2c.o
                0x0000000008000f94                HAL_I2C_Mem_Write
 .text.HAL_I2C_Mem_Read
                0x0000000008001080      0x1b0 Drivers/STM32F4xx_HAL_Drivers/Src/stm32f4xx_hal_i2c.o
                0x0000000008001080                HAL_I2C_Mem_Read
 .text.HAL_I2C_GetState
                0x0000000008001230        0x6 Drivers/STM32F4xx_HAL_Drivers/Src/stm32f4xx_hal_i2c.o
                0x0000000008001230                HAL_I2C_GetState
 .text.LTDC_SetConfig
                0x0000000008001236       0xf8 Drivers/STM32F4xx_HAL_Drivers/Src/stm32f4xx_hal_ltdc.o
 *fill*         0x000000000800132e        0x2 
 .text.HAL_LTDC_Init
                0x0000000008001330       0xd8 Drivers/STM32F4xx_HAL_Drivers/Src/stm32f4xx_hal_ltdc.o
                0x0000000008001330                HAL_LTDC_Init
 .text.HAL_LTDC_ConfigLayer
                0x0000000008001408       0x52 Drivers/STM32F4xx_HAL_Drivers/Src/stm32f4xx_hal_ltdc.o
                0x0000000008001408                HAL_LTDC_ConfigLayer
 *fill*         0x000000000800145a        0x2 
 .text.HAL_LTDC_EnableDither
                0x000000000800145c       0x30 Drivers/STM32F4xx_HAL_Drivers/Src/stm32f4xx_hal_ltdc.o
                0x000000000800145c                HAL_LTDC_EnableDither
 .text.HAL_LTDC_SetAlpha
                0x000000000800148c       0x40 Drivers/STM32F4xx_HAL_Drivers/Src/stm32f4xx_hal_ltdc.o
                0x000000000800148c                HAL_LTDC_SetAlpha
 .text.HAL_PCD_Init
                0x00000000080014cc       0xd0 Drivers/STM32F4xx_HAL_Drivers/Src/stm32f4xx_hal_pcd.o
                0x00000000080014cc                HAL_PCD_Init
 .text.HAL_PCD_Start
                0x000000000800159c       0x2a Drivers/STM32F4xx_HAL_Drivers/Src/stm32f4xx_hal_pcd.o
                0x000000000800159c                HAL_PCD_Start
 .text.HAL_PCD_IRQHandler
                0x00000000080015c6      0x458 Drivers/STM32F4xx_HAL_Drivers/Src/stm32f4xx_hal_pcd.o
                0x00000000080015c6                HAL_PCD_IRQHandler
 .text.HAL_PCD_SetAddress
                0x0000000008001a1e       0x24 Drivers/STM32F4xx_HAL_Drivers/Src/stm32f4xx_hal_pcd.o
                0x0000000008001a1e                HAL_PCD_SetAddress
 .text.HAL_PCD_EP_Open
                0x0000000008001a42       0x5c Drivers/STM32F4xx_HAL_Drivers/Src/stm32f4xx_hal_pcd.o
                0x0000000008001a42                HAL_PCD_EP_Open
 .text.HAL_PCD_EP_Close
                0x0000000008001a9e       0x46 Drivers/STM32F4xx_HAL_Drivers/Src/stm32f4xx_hal_pcd.o
                0x0000000008001a9e                HAL_PCD_EP_Close
 .text.HAL_PCD_EP_Receive
                0x0000000008001ae4       0x62 Drivers/STM32F4xx_HAL_Drivers/Src/stm32f4xx_hal_pcd.o
                0x0000000008001ae4                HAL_PCD_EP_Receive
 .text.HAL_PCD_EP_Transmit
                0x0000000008001b46       0x5a Drivers/STM32F4xx_HAL_Drivers/Src/stm32f4xx_hal_pcd.o
                0x0000000008001b46                HAL_PCD_EP_Transmit
 .text.HAL_PCD_EP_SetStall
                0x0000000008001ba0       0x58 Drivers/STM32F4xx_HAL_Drivers/Src/stm32f4xx_hal_pcd.o
                0x0000000008001ba0                HAL_PCD_EP_SetStall
 .text.HAL_PCD_EP_ClrStall
                0x0000000008001bf8       0x4a Drivers/STM32F4xx_HAL_Drivers/Src/stm32f4xx_hal_pcd.o
                0x0000000008001bf8                HAL_PCD_EP_ClrStall
 .text.HAL_PCDEx_SetTxFiFo
                0x0000000008001c42       0x42 Drivers/STM32F4xx_HAL_Drivers/Src/stm32f4xx_hal_pcd_ex.o
                0x0000000008001c42                HAL_PCDEx_SetTxFiFo
 .text.HAL_PCDEx_SetRxFiFo
                0x0000000008001c84        0x8 Drivers/STM32F4xx_HAL_Drivers/Src/stm32f4xx_hal_pcd_ex.o
                0x0000000008001c84                HAL_PCDEx_SetRxFiFo
 .text.HAL_PWREx_ActivateOverDrive
                0x0000000008001c8c       0x68 Drivers/STM32F4xx_HAL_Drivers/Src/stm32f4xx_hal_pwr_ex.o
                0x0000000008001c8c                HAL_PWREx_ActivateOverDrive
 .text.HAL_RCC_OscConfig
                0x0000000008001cf4      0x338 Drivers/STM32F4xx_HAL_Drivers/Src/stm32f4xx_hal_rcc.o
                0x0000000008001cf4                HAL_RCC_OscConfig
 .text.HAL_RCC_ClockConfig
                0x000000000800202c      0x1b0 Drivers/STM32F4xx_HAL_Drivers/Src/stm32f4xx_hal_rcc.o
                0x000000000800202c                HAL_RCC_ClockConfig
 .text.HAL_RCC_GetSysClockFreq
                0x00000000080021dc       0x9c Drivers/STM32F4xx_HAL_Drivers/Src/stm32f4xx_hal_rcc.o
                0x00000000080021dc                HAL_RCC_GetSysClockFreq
 .text.HAL_RCC_GetHCLKFreq
                0x0000000008002278       0x38 Drivers/STM32F4xx_HAL_Drivers/Src/stm32f4xx_hal_rcc.o
                0x0000000008002278                HAL_RCC_GetHCLKFreq
 .text.HAL_RCC_GetPCLK1Freq
                0x00000000080022b0       0x30 Drivers/STM32F4xx_HAL_Drivers/Src/stm32f4xx_hal_rcc.o
                0x00000000080022b0                HAL_RCC_GetPCLK1Freq
 .text.HAL_RCCEx_PeriphCLKConfig
                0x00000000080022e0      0x27c Drivers/STM32F4xx_HAL_Drivers/Src/stm32f4xx_hal_rcc_ex.o
                0x00000000080022e0                HAL_RCCEx_PeriphCLKConfig
 .text.HAL_SDRAM_MspInit
                0x000000000800255c        0x2 Drivers/STM32F4xx_HAL_Drivers/Src/stm32f4xx_hal_sdram.o
                0x000000000800255c                HAL_SDRAM_MspInit
 .text.HAL_SDRAM_Init
                0x000000000800255e       0x38 Drivers/STM32F4xx_HAL_Drivers/Src/stm32f4xx_hal_sdram.o
                0x000000000800255e                HAL_SDRAM_Init
 .text.HAL_SDRAM_SendCommand
                0x0000000008002596       0x2e Drivers/STM32F4xx_HAL_Drivers/Src/stm32f4xx_hal_sdram.o
                0x0000000008002596                HAL_SDRAM_SendCommand
 .text.HAL_SDRAM_ProgramRefreshRate
                0x00000000080025c4       0x24 Drivers/STM32F4xx_HAL_Drivers/Src/stm32f4xx_hal_sdram.o
                0x00000000080025c4                HAL_SDRAM_ProgramRefreshRate
 .text.SPI_WaitOnFlagUntilTimeout
                0x00000000080025e8       0x90 Drivers/STM32F4xx_HAL_Drivers/Src/stm32f4xx_hal_spi.o
 .text.HAL_SPI_MspInit
                0x0000000008002678        0x2 Drivers/STM32F4xx_HAL_Drivers/Src/stm32f4xx_hal_spi.o
                0x0000000008002678                HAL_SPI_MspInit
 .text.HAL_SPI_Init
                0x000000000800267a       0x74 Drivers/STM32F4xx_HAL_Drivers/Src/stm32f4xx_hal_spi.o
                0x000000000800267a                HAL_SPI_Init
 .text.HAL_SPI_MspDeInit
                0x00000000080026ee        0x2 Drivers/STM32F4xx_HAL_Drivers/Src/stm32f4xx_hal_spi.o
                0x00000000080026ee                HAL_SPI_MspDeInit
 .text.HAL_SPI_DeInit
                0x00000000080026f0       0x28 Drivers/STM32F4xx_HAL_Drivers/Src/stm32f4xx_hal_spi.o
                0x00000000080026f0                HAL_SPI_DeInit
 .text.HAL_SPI_Transmit
                0x0000000008002718      0x15a Drivers/STM32F4xx_HAL_Drivers/Src/stm32f4xx_hal_spi.o
                0x0000000008002718                HAL_SPI_Transmit
 .text.HAL_SPI_TransmitReceive
                0x0000000008002872      0x29c Drivers/STM32F4xx_HAL_Drivers/Src/stm32f4xx_hal_spi.o
                0x0000000008002872                HAL_SPI_TransmitReceive
 .text.HAL_SPI_Receive
                0x0000000008002b0e      0x1ce Drivers/STM32F4xx_HAL_Drivers/Src/stm32f4xx_hal_spi.o
                0x0000000008002b0e                HAL_SPI_Receive
 .text.HAL_SPI_GetState
                0x0000000008002cdc        0x6 Drivers/STM32F4xx_HAL_Drivers/Src/stm32f4xx_hal_spi.o
                0x0000000008002cdc                HAL_SPI_GetState
 .text.FMC_SDRAM_Init
                0x0000000008002ce2       0x4e Drivers/STM32F4xx_HAL_Drivers/Src/stm32f4xx_ll_fmc.o
                0x0000000008002ce2                FMC_SDRAM_Init
 .text.FMC_SDRAM_Timing_Init
                0x0000000008002d30       0x6c Drivers/STM32F4xx_HAL_Drivers/Src/stm32f4xx_ll_fmc.o
                0x0000000008002d30                FMC_SDRAM_Timing_Init
 .text.FMC_SDRAM_SendCommand
                0x0000000008002d9c       0x4c Drivers/STM32F4xx_HAL_Drivers/Src/stm32f4xx_ll_fmc.o
                0x0000000008002d9c                FMC_SDRAM_SendCommand
 .text.FMC_SDRAM_ProgramRefreshRate
                0x0000000008002de8        0xc Drivers/STM32F4xx_HAL_Drivers/Src/stm32f4xx_ll_fmc.o
                0x0000000008002de8                FMC_SDRAM_ProgramRefreshRate
 .text.USB_CoreInit
                0x0000000008002df4       0x74 Drivers/STM32F4xx_HAL_Drivers/Src/stm32f4xx_ll_usb.o
                0x0000000008002df4                USB_CoreInit
 .text.USB_EnableGlobalInt
                0x0000000008002e68        0xc Drivers/STM32F4xx_HAL_Drivers/Src/stm32f4xx_ll_usb.o
                0x0000000008002e68                USB_EnableGlobalInt
 .text.USB_DisableGlobalInt
                0x0000000008002e74        0xc Drivers/STM32F4xx_HAL_Drivers/Src/stm32f4xx_ll_usb.o
                0x0000000008002e74                USB_DisableGlobalInt
 .text.USB_SetCurrentMode
                0x0000000008002e80       0x2e Drivers/STM32F4xx_HAL_Drivers/Src/stm32f4xx_ll_usb.o
                0x0000000008002e80                USB_SetCurrentMode
 *fill*         0x0000000008002eae        0x2 
 .text.USB_DevInit
                0x0000000008002eb0      0x138 Drivers/STM32F4xx_HAL_Drivers/Src/stm32f4xx_ll_usb.o
                0x0000000008002eb0                USB_DevInit
 .text.USB_FlushTxFifo
                0x0000000008002fe8       0x24 Drivers/STM32F4xx_HAL_Drivers/Src/stm32f4xx_ll_usb.o
                0x0000000008002fe8                USB_FlushTxFifo
 .text.USB_FlushRxFifo
                0x000000000800300c       0x20 Drivers/STM32F4xx_HAL_Drivers/Src/stm32f4xx_ll_usb.o
                0x000000000800300c                USB_FlushRxFifo
 .text.USB_SetDevSpeed
                0x000000000800302c        0xe Drivers/STM32F4xx_HAL_Drivers/Src/stm32f4xx_ll_usb.o
                0x000000000800302c                USB_SetDevSpeed
 .text.USB_GetDevSpeed
                0x000000000800303a       0x36 Drivers/STM32F4xx_HAL_Drivers/Src/stm32f4xx_ll_usb.o
                0x000000000800303a                USB_GetDevSpeed
 .text.USB_ActivateEndpoint
                0x0000000008003070       0x7e Drivers/STM32F4xx_HAL_Drivers/Src/stm32f4xx_ll_usb.o
                0x0000000008003070                USB_ActivateEndpoint
 .text.USB_DeactivateEndpoint
                0x00000000080030ee       0x5a Drivers/STM32F4xx_HAL_Drivers/Src/stm32f4xx_ll_usb.o
                0x00000000080030ee                USB_DeactivateEndpoint
 .text.USB_EPStartXfer
                0x0000000008003148      0x18c Drivers/STM32F4xx_HAL_Drivers/Src/stm32f4xx_ll_usb.o
                0x0000000008003148                USB_EPStartXfer
 .text.USB_EP0StartXfer
                0x00000000080032d4       0xee Drivers/STM32F4xx_HAL_Drivers/Src/stm32f4xx_ll_usb.o
                0x00000000080032d4                USB_EP0StartXfer
 .text.USB_WritePacket
                0x00000000080033c2       0x26 Drivers/STM32F4xx_HAL_Drivers/Src/stm32f4xx_ll_usb.o
                0x00000000080033c2                USB_WritePacket
 .text.USB_ReadPacket
                0x00000000080033e8       0x20 Drivers/STM32F4xx_HAL_Drivers/Src/stm32f4xx_ll_usb.o
                0x00000000080033e8                USB_ReadPacket
 .text.USB_EPSetStall
                0x0000000008003408       0x3e Drivers/STM32F4xx_HAL_Drivers/Src/stm32f4xx_ll_usb.o
                0x0000000008003408                USB_EPSetStall
 .text.USB_EPClearStall
                0x0000000008003446       0x32 Drivers/STM32F4xx_HAL_Drivers/Src/stm32f4xx_ll_usb.o
                0x0000000008003446                USB_EPClearStall
 .text.USB_SetDevAddress
                0x0000000008003478       0x20 Drivers/STM32F4xx_HAL_Drivers/Src/stm32f4xx_ll_usb.o
                0x0000000008003478                USB_SetDevAddress
 .text.USB_DevConnect
                0x0000000008003498       0x18 Drivers/STM32F4xx_HAL_Drivers/Src/stm32f4xx_ll_usb.o
                0x0000000008003498                USB_DevConnect
 .text.USB_DevDisconnect
                0x00000000080034b0       0x18 Drivers/STM32F4xx_HAL_Drivers/Src/stm32f4xx_ll_usb.o
                0x00000000080034b0                USB_DevDisconnect
 .text.USB_ReadInterrupts
                0x00000000080034c8        0x8 Drivers/STM32F4xx_HAL_Drivers/Src/stm32f4xx_ll_usb.o
                0x00000000080034c8                USB_ReadInterrupts
 .text.USB_ReadDevAllOutEpInterrupt
                0x00000000080034d0       0x10 Drivers/STM32F4xx_HAL_Drivers/Src/stm32f4xx_ll_usb.o
                0x00000000080034d0                USB_ReadDevAllOutEpInterrupt
 .text.USB_ReadDevAllInEpInterrupt
                0x00000000080034e0       0x10 Drivers/STM32F4xx_HAL_Drivers/Src/stm32f4xx_ll_usb.o
                0x00000000080034e0                USB_ReadDevAllInEpInterrupt
 .text.USB_ReadDevOutEPInterrupt
                0x00000000080034f0       0x14 Drivers/STM32F4xx_HAL_Drivers/Src/stm32f4xx_ll_usb.o
                0x00000000080034f0                USB_ReadDevOutEPInterrupt
 .text.USB_ReadDevInEPInterrupt
                0x0000000008003504       0x20 Drivers/STM32F4xx_HAL_Drivers/Src/stm32f4xx_ll_usb.o
                0x0000000008003504                USB_ReadDevInEPInterrupt
 .text.USB_GetMode
                0x0000000008003524        0x8 Drivers/STM32F4xx_HAL_Drivers/Src/stm32f4xx_ll_usb.o
                0x0000000008003524                USB_GetMode
 .text.USB_ActivateSetup
                0x000000000800352c       0x36 Drivers/STM32F4xx_HAL_Drivers/Src/stm32f4xx_ll_usb.o
                0x000000000800352c                USB_ActivateSetup
 .text.USB_EP0_OutStart
                0x0000000008003562       0x46 Drivers/STM32F4xx_HAL_Drivers/Src/stm32f4xx_ll_usb.o
                0x0000000008003562                USB_EP0_OutStart
 .text.USB_CoreReset
                0x00000000080035a8       0x30 Drivers/STM32F4xx_HAL_Drivers/Src/stm32f4xx_ll_usb.o
 .text.USBD_HID_GetCfgDesc
                0x00000000080035d8        0xc Middlewares/ST/STM32_USB_Device_Library/Class/HID/Src/usbd_hid.o
 .text.USBD_HID_DataIn
                0x00000000080035e4        0xa Middlewares/ST/STM32_USB_Device_Library/Class/HID/Src/usbd_hid.o
 *fill*         0x00000000080035ee        0x2 
 .text.USBD_HID_GetDeviceQualifierDesc
                0x00000000080035f0        0xc Middlewares/ST/STM32_USB_Device_Library/Class/HID/Src/usbd_hid.o
 .text.USBD_HID_Setup
                0x00000000080035fc       0xac Middlewares/ST/STM32_USB_Device_Library/Class/HID/Src/usbd_hid.o
 .text.USBD_HID_DeInit
                0x00000000080036a8       0x1e Middlewares/ST/STM32_USB_Device_Library/Class/HID/Src/usbd_hid.o
 .text.USBD_HID_Init
                0x00000000080036c6       0x26 Middlewares/ST/STM32_USB_Device_Library/Class/HID/Src/usbd_hid.o
 .text.USBD_HID_SendReport
                0x00000000080036ec       0x24 Middlewares/ST/STM32_USB_Device_Library/Class/HID/Src/usbd_hid.o
                0x00000000080036ec                USBD_HID_SendReport
 .text.USBD_HID_GetPollingInterval
                0x0000000008003710        0x4 Middlewares/ST/STM32_USB_Device_Library/Class/HID/Src/usbd_hid.o
                0x0000000008003710                USBD_HID_GetPollingInterval
 .text.USBD_Init
                0x0000000008003714       0x2a Middlewares/ST/STM32_USB_Device_Library/Core/Src/usbd_core.o
                0x0000000008003714                USBD_Init
 .text.USBD_RegisterClass
                0x000000000800373e        0xe Middlewares/ST/STM32_USB_Device_Library/Core/Src/usbd_core.o
                0x000000000800373e                USBD_RegisterClass
 .text.USBD_Start
                0x000000000800374c        0xa Middlewares/ST/STM32_USB_Device_Library/Core/Src/usbd_core.o
                0x000000000800374c                USBD_Start
 .text.USBD_SetClassConfig
                0x0000000008003756       0x16 Middlewares/ST/STM32_USB_Device_Library/Core/Src/usbd_core.o
                0x0000000008003756                USBD_SetClassConfig
 .text.USBD_ClrClassConfig
                0x000000000800376c        0xe Middlewares/ST/STM32_USB_Device_Library/Core/Src/usbd_core.o
                0x000000000800376c                USBD_ClrClassConfig
 .text.USBD_LL_SetupStage
                0x000000000800377a       0x5a Middlewares/ST/STM32_USB_Device_Library/Core/Src/usbd_core.o
                0x000000000800377a                USBD_LL_SetupStage
 .text.USBD_LL_DataOutStage
                0x00000000080037d4       0x64 Middlewares/ST/STM32_USB_Device_Library/Core/Src/usbd_core.o
                0x00000000080037d4                USBD_LL_DataOutStage
 .text.USBD_LL_DataInStage
                0x0000000008003838       0x8c Middlewares/ST/STM32_USB_Device_Library/Core/Src/usbd_core.o
                0x0000000008003838                USBD_LL_DataInStage
 .text.USBD_LL_Reset
                0x00000000080038c4       0x3e Middlewares/ST/STM32_USB_Device_Library/Core/Src/usbd_core.o
                0x00000000080038c4                USBD_LL_Reset
 .text.USBD_LL_SetSpeed
                0x0000000008003902        0x6 Middlewares/ST/STM32_USB_Device_Library/Core/Src/usbd_core.o
                0x0000000008003902                USBD_LL_SetSpeed
 .text.USBD_LL_Suspend
                0x0000000008003908       0x12 Middlewares/ST/STM32_USB_Device_Library/Core/Src/usbd_core.o
                0x0000000008003908                USBD_LL_Suspend
 .text.USBD_LL_Resume
                0x000000000800391a        0xc Middlewares/ST/STM32_USB_Device_Library/Core/Src/usbd_core.o
                0x000000000800391a                USBD_LL_Resume
 .text.USBD_LL_SOF
                0x0000000008003926       0x18 Middlewares/ST/STM32_USB_Device_Library/Core/Src/usbd_core.o
                0x0000000008003926                USBD_LL_SOF
 .text.USBD_LL_IsoINIncomplete
                0x000000000800393e        0x4 Middlewares/ST/STM32_USB_Device_Library/Core/Src/usbd_core.o
                0x000000000800393e                USBD_LL_IsoINIncomplete
 .text.USBD_LL_IsoOUTIncomplete
                0x0000000008003942        0x4 Middlewares/ST/STM32_USB_Device_Library/Core/Src/usbd_core.o
                0x0000000008003942                USBD_LL_IsoOUTIncomplete
 .text.USBD_LL_DevConnected
                0x0000000008003946        0x4 Middlewares/ST/STM32_USB_Device_Library/Core/Src/usbd_core.o
                0x0000000008003946                USBD_LL_DevConnected
 .text.USBD_LL_DevDisconnected
                0x000000000800394a       0x16 Middlewares/ST/STM32_USB_Device_Library/Core/Src/usbd_core.o
                0x000000000800394a                USBD_LL_DevDisconnected
 .text.USBD_CtlError.constprop.0
                0x0000000008003960       0x16 Middlewares/ST/STM32_USB_Device_Library/Core/Src/usbd_ctlreq.o
 *fill*         0x0000000008003976        0x2 
 .text.USBD_StdDevReq
                0x0000000008003978      0x1f4 Middlewares/ST/STM32_USB_Device_Library/Core/Src/usbd_ctlreq.o
                0x0000000008003978                USBD_StdDevReq
 .text.USBD_StdItfReq
                0x0000000008003b6c       0x30 Middlewares/ST/STM32_USB_Device_Library/Core/Src/usbd_ctlreq.o
                0x0000000008003b6c                USBD_StdItfReq
 .text.USBD_StdEPReq
                0x0000000008003b9c       0xaa Middlewares/ST/STM32_USB_Device_Library/Core/Src/usbd_ctlreq.o
                0x0000000008003b9c                USBD_StdEPReq
 .text.USBD_ParseSetupRequest
                0x0000000008003c46       0x28 Middlewares/ST/STM32_USB_Device_Library/Core/Src/usbd_ctlreq.o
                0x0000000008003c46                USBD_ParseSetupRequest
 .text.USBD_CtlError
                0x0000000008003c6e       0x16 Middlewares/ST/STM32_USB_Device_Library/Core/Src/usbd_ctlreq.o
                0x0000000008003c6e                USBD_CtlError
 .text.USBD_GetString
                0x0000000008003c84       0x38 Middlewares/ST/STM32_USB_Device_Library/Core/Src/usbd_ctlreq.o
                0x0000000008003c84                USBD_GetString
 .text.USBD_CtlSendData
                0x0000000008003cbc       0x1a Middlewares/ST/STM32_USB_Device_Library/Core/Src/usbd_ioreq.o
                0x0000000008003cbc                USBD_CtlSendData
 .text.USBD_CtlContinueSendData
                0x0000000008003cd6       0x10 Middlewares/ST/STM32_USB_Device_Library/Core/Src/usbd_ioreq.o
                0x0000000008003cd6                USBD_CtlContinueSendData
 .text.USBD_CtlContinueRx
                0x0000000008003ce6       0x10 Middlewares/ST/STM32_USB_Device_Library/Core/Src/usbd_ioreq.o
                0x0000000008003ce6                USBD_CtlContinueRx
 .text.USBD_CtlSendStatus
                0x0000000008003cf6       0x16 Middlewares/ST/STM32_USB_Device_Library/Core/Src/usbd_ioreq.o
                0x0000000008003cf6                USBD_CtlSendStatus
 .text.USBD_CtlReceiveStatus
                0x0000000008003d0c       0x16 Middlewares/ST/STM32_USB_Device_Library/Core/Src/usbd_ioreq.o
                0x0000000008003d0c                USBD_CtlReceiveStatus
 .text.ili9341_GetLcdPixelWidth
                0x0000000008003d22        0x4 Src/ili9341.o
                0x0000000008003d22                ili9341_GetLcdPixelWidth
 .text.ili9341_GetLcdPixelHeight
                0x0000000008003d26        0x6 Src/ili9341.o
                0x0000000008003d26                ili9341_GetLcdPixelHeight
 .text.ili9341_DisplayOn
                0x0000000008003d2c        0x6 Src/ili9341.o
                0x0000000008003d2c                ili9341_DisplayOn
 .text.ili9341_DisplayOff
                0x0000000008003d32        0x6 Src/ili9341.o
                0x0000000008003d32                ili9341_DisplayOff
 .text.ili9341_Init
                0x0000000008003d38      0x292 Src/ili9341.o
                0x0000000008003d38                ili9341_Init
 .text.ili9341_ReadID
                0x0000000008003fca       0x12 Src/ili9341.o
                0x0000000008003fca                ili9341_ReadID
 .text.L3GD20_Init
                0x0000000008003fdc       0x32 Src/l3gd20.o
                0x0000000008003fdc                L3GD20_Init
 .text.L3GD20_ReadID
                0x000000000800400e       0x1c Src/l3gd20.o
                0x000000000800400e                L3GD20_ReadID
 .text.L3GD20_RebootCmd
                0x000000000800402a       0x2c Src/l3gd20.o
                0x000000000800402a                L3GD20_RebootCmd
 .text.L3GD20_INT1InterruptConfig
                0x0000000008004056       0x5c Src/l3gd20.o
                0x0000000008004056                L3GD20_INT1InterruptConfig
 .text.L3GD20_EnableIT
                0x00000000080040b2       0x40 Src/l3gd20.o
                0x00000000080040b2                L3GD20_EnableIT
 .text.L3GD20_DisableIT
                0x00000000080040f2       0x3c Src/l3gd20.o
                0x00000000080040f2                L3GD20_DisableIT
 .text.L3GD20_FilterConfig
                0x000000000800412e       0x2e Src/l3gd20.o
                0x000000000800412e                L3GD20_FilterConfig
 .text.L3GD20_FilterCmd
                0x000000000800415c       0x2e Src/l3gd20.o
                0x000000000800415c                L3GD20_FilterCmd
 *fill*         0x000000000800418a        0x2 
 .text.L3GD20_ReadXYZAngRate
                0x000000000800418c       0xd8 Src/l3gd20.o
                0x000000000800418c                L3GD20_ReadXYZAngRate
 .text.lcd_handleMouseNotify
                0x0000000008004264       0x1c Src/lcd_layout.o
                0x0000000008004264                lcd_handleMouseNotify
 .text.Xmirror_points
                0x0000000008004280       0x24 Src/lcd_layout.o
                0x0000000008004280                Xmirror_points
 .text.lcd_drawSliderRect
                0x00000000080042a4       0x4c Src/lcd_layout.o
                0x00000000080042a4                lcd_drawSliderRect
 .text.lcd_drawSlider
                0x00000000080042f0       0x30 Src/lcd_layout.o
                0x00000000080042f0                lcd_drawSlider
 .text.lcd_drawRightButton
                0x0000000008004320       0x26 Src/lcd_layout.o
                0x0000000008004320                lcd_drawRightButton
 .text.lcd_drawLeftButton
                0x0000000008004346       0x34 Src/lcd_layout.o
                0x0000000008004346                lcd_drawLeftButton
 *fill*         0x000000000800437a        0x2 
 .text.lcd_drawAction
                0x000000000800437c       0x88 Src/lcd_layout.o
                0x000000000800437c                lcd_drawAction
 .text.lcd_prepLayers
                0x0000000008004404       0x90 Src/lcd_layout.o
                0x0000000008004404                lcd_prepLayers
 .text.startup.main
                0x0000000008004494      0x124 Src/main.o
                0x0000000008004494                main
 .text.SPIx_Init
                0x00000000080045b8       0x80 Src/stm32f429i_discovery.o
 .text.SPIx_WriteRead
                0x0000000008004638       0x40 Src/stm32f429i_discovery.o
 .text.I2Cx_Init
                0x0000000008004678       0xc4 Src/stm32f429i_discovery.o
 .text.I2Cx_Error
                0x000000000800473c       0x14 Src/stm32f429i_discovery.o
 .text.SPIx_Write
                0x0000000008004750       0x30 Src/stm32f429i_discovery.o
 .text.BSP_LED_Init
                0x0000000008004780       0x4c Src/stm32f429i_discovery.o
                0x0000000008004780                BSP_LED_Init
 .text.BSP_LED_On
                0x00000000080047cc       0x1c Src/stm32f429i_discovery.o
                0x00000000080047cc                BSP_LED_On
 .text.LCD_IO_Init
                0x00000000080047e8       0x94 Src/stm32f429i_discovery.o
                0x00000000080047e8                LCD_IO_Init
 .text.LCD_IO_WriteData
                0x000000000800487c       0x38 Src/stm32f429i_discovery.o
                0x000000000800487c                LCD_IO_WriteData
 .text.LCD_IO_WriteReg
                0x00000000080048b4       0x38 Src/stm32f429i_discovery.o
                0x00000000080048b4                LCD_IO_WriteReg
 .text.LCD_IO_ReadData
                0x00000000080048ec       0x6c Src/stm32f429i_discovery.o
                0x00000000080048ec                LCD_IO_ReadData
 .text.LCD_Delay
                0x0000000008004958        0x4 Src/stm32f429i_discovery.o
                0x0000000008004958                LCD_Delay
 .text.IOE_Init
                0x000000000800495c        0x4 Src/stm32f429i_discovery.o
                0x000000000800495c                IOE_Init
 .text.IOE_ITConfig
                0x0000000008004960       0x48 Src/stm32f429i_discovery.o
                0x0000000008004960                IOE_ITConfig
 .text.IOE_Write
                0x00000000080049a8       0x34 Src/stm32f429i_discovery.o
                0x00000000080049a8                IOE_Write
 .text.IOE_Read
                0x00000000080049dc       0x38 Src/stm32f429i_discovery.o
                0x00000000080049dc                IOE_Read
 .text.IOE_ReadMultiple
                0x0000000008004a14       0x2c Src/stm32f429i_discovery.o
                0x0000000008004a14                IOE_ReadMultiple
 .text.IOE_Delay
                0x0000000008004a40        0x4 Src/stm32f429i_discovery.o
                0x0000000008004a40                IOE_Delay
 .text.GYRO_IO_Init
                0x0000000008004a44       0x64 Src/stm32f429i_discovery.o
                0x0000000008004a44                GYRO_IO_Init
 .text.GYRO_IO_Write
                0x0000000008004aa8       0x44 Src/stm32f429i_discovery.o
                0x0000000008004aa8                GYRO_IO_Write
 .text.GYRO_IO_Read
                0x0000000008004aec       0x48 Src/stm32f429i_discovery.o
                0x0000000008004aec                GYRO_IO_Read
 .text.BSP_GYRO_Init
                0x0000000008004b34       0x44 Src/stm32f429i_discovery_gyroscope.o
                0x0000000008004b34                BSP_GYRO_Init
 .text.BSP_GYRO_Reset
                0x0000000008004b78       0x10 Src/stm32f429i_discovery_gyroscope.o
                0x0000000008004b78                BSP_GYRO_Reset
 .text.BSP_GYRO_GetXYZ
                0x0000000008004b88       0x10 Src/stm32f429i_discovery_gyroscope.o
                0x0000000008004b88                BSP_GYRO_GetXYZ
 .text.FillBuffer
                0x0000000008004b98       0x64 Src/stm32f429i_discovery_lcd.o
 .text.BSP_LCD_Init
                0x0000000008004bfc      0x18c Src/stm32f429i_discovery_lcd.o
                0x0000000008004bfc                BSP_LCD_Init
 .text.BSP_LCD_GetXSize
                0x0000000008004d88       0x10 Src/stm32f429i_discovery_lcd.o
                0x0000000008004d88                BSP_LCD_GetXSize
 .text.BSP_LCD_GetYSize
                0x0000000008004d98       0x10 Src/stm32f429i_discovery_lcd.o
                0x0000000008004d98                BSP_LCD_GetYSize
 .text.BSP_LCD_LayerDefaultInit
                0x0000000008004da8       0x80 Src/stm32f429i_discovery_lcd.o
                0x0000000008004da8                BSP_LCD_LayerDefaultInit
 .text.BSP_LCD_SelectLayer
                0x0000000008004e28        0xc Src/stm32f429i_discovery_lcd.o
                0x0000000008004e28                BSP_LCD_SelectLayer
 .text.BSP_LCD_SetLayerVisible
                0x0000000008004e34       0x28 Src/stm32f429i_discovery_lcd.o
                0x0000000008004e34                BSP_LCD_SetLayerVisible
 .text.BSP_LCD_SetTransparency
                0x0000000008004e5c        0xc Src/stm32f429i_discovery_lcd.o
                0x0000000008004e5c                BSP_LCD_SetTransparency
 .text.BSP_LCD_GetTextColor
                0x0000000008004e68       0x18 Src/stm32f429i_discovery_lcd.o
                0x0000000008004e68                BSP_LCD_GetTextColor
 .text.BSP_LCD_SetTextColor
                0x0000000008004e80       0x18 Src/stm32f429i_discovery_lcd.o
                0x0000000008004e80                BSP_LCD_SetTextColor
 .text.BSP_LCD_Clear
                0x0000000008004e98       0x3c Src/stm32f429i_discovery_lcd.o
                0x0000000008004e98                BSP_LCD_Clear
 .text.BSP_LCD_DrawHLine
                0x0000000008004ed4       0x50 Src/stm32f429i_discovery_lcd.o
                0x0000000008004ed4                BSP_LCD_DrawHLine
 .text.BSP_LCD_DrawVLine
                0x0000000008004f24       0x58 Src/stm32f429i_discovery_lcd.o
                0x0000000008004f24                BSP_LCD_DrawVLine
 .text.BSP_LCD_DrawRect
                0x0000000008004f7c       0x34 Src/stm32f429i_discovery_lcd.o
                0x0000000008004f7c                BSP_LCD_DrawRect
 .text.BSP_LCD_FillRect
                0x0000000008004fb0       0x5c Src/stm32f429i_discovery_lcd.o
                0x0000000008004fb0                BSP_LCD_FillRect
 .text.BSP_LCD_DrawPixel
                0x000000000800500c       0x2c Src/stm32f429i_discovery_lcd.o
                0x000000000800500c                BSP_LCD_DrawPixel
 .text.BSP_LCD_DrawLine
                0x0000000008005038       0xd0 Src/stm32f429i_discovery_lcd.o
                0x0000000008005038                BSP_LCD_DrawLine
 .text.BSP_LCD_FillTriangle
                0x0000000008005108       0xcc Src/stm32f429i_discovery_lcd.o
                0x0000000008005108                BSP_LCD_FillTriangle
 .text.BSP_LCD_FillPolygon
                0x00000000080051d4      0x116 Src/stm32f429i_discovery_lcd.o
                0x00000000080051d4                BSP_LCD_FillPolygon
 *fill*         0x00000000080052ea        0x2 
 .text.BSP_SDRAM_Initialization_sequence
                0x00000000080052ec       0x9c Src/stm32f429i_discovery_sdram.o
                0x00000000080052ec                BSP_SDRAM_Initialization_sequence
 .text.BSP_SDRAM_Init
                0x0000000008005388      0x188 Src/stm32f429i_discovery_sdram.o
                0x0000000008005388                BSP_SDRAM_Init
 .text.BSP_TS_Init
                0x0000000008005510       0x44 Src/stm32f429i_discovery_ts.o
                0x0000000008005510                BSP_TS_Init
 .text.HAL_LTDC_MspInit
                0x0000000008005554       0xe0 Src/stm32f4xx_hal_msp.o
                0x0000000008005554                HAL_LTDC_MspInit
 .text.NMI_Handler
                0x0000000008005634        0x2 Src/stm32f4xx_it.o
                0x0000000008005634                NMI_Handler
 .text.HardFault_Handler
                0x0000000008005636        0x2 Src/stm32f4xx_it.o
                0x0000000008005636                HardFault_Handler
 .text.MemManage_Handler
                0x0000000008005638        0x2 Src/stm32f4xx_it.o
                0x0000000008005638                MemManage_Handler
 .text.BusFault_Handler
                0x000000000800563a        0x2 Src/stm32f4xx_it.o
                0x000000000800563a                BusFault_Handler
 .text.UsageFault_Handler
                0x000000000800563c        0x2 Src/stm32f4xx_it.o
                0x000000000800563c                UsageFault_Handler
 .text.SVC_Handler
                0x000000000800563e        0x2 Src/stm32f4xx_it.o
                0x000000000800563e                SVC_Handler
 .text.DebugMon_Handler
                0x0000000008005640        0x2 Src/stm32f4xx_it.o
                0x0000000008005640                DebugMon_Handler
 .text.PendSV_Handler
                0x0000000008005642        0x2 Src/stm32f4xx_it.o
                0x0000000008005642                PendSV_Handler
 .text.SysTick_Handler
                0x0000000008005644       0x90 Src/stm32f4xx_it.o
                0x0000000008005644                SysTick_Handler
 .text.OTG_HS_IRQHandler
                0x00000000080056d4        0xc Src/stm32f4xx_it.o
                0x00000000080056d4                OTG_HS_IRQHandler
 .text.OTG_HS_WKUP_IRQHandler
                0x00000000080056e0       0x74 Src/stm32f4xx_it.o
                0x00000000080056e0                OTG_HS_WKUP_IRQHandler
 .text.EXTI15_10_IRQHandler
                0x0000000008005754       0x1c Src/stm32f4xx_it.o
                0x0000000008005754                EXTI15_10_IRQHandler
 .text.stmpe811_Reset
                0x0000000008005770       0x28 Src/stmpe811.o
                0x0000000008005770                stmpe811_Reset
 .text.stmpe811_ReadID
                0x0000000008005798       0x24 Src/stmpe811.o
                0x0000000008005798                stmpe811_ReadID
 .text.stmpe811_TS_DetectTouch
                0x00000000080057bc       0x38 Src/stmpe811.o
                0x00000000080057bc                stmpe811_TS_DetectTouch
 .text.stmpe811_TS_GetXY
                0x00000000080057f4       0x3c Src/stmpe811.o
                0x00000000080057f4                stmpe811_TS_GetXY
 .text.stmpe811_Init
                0x0000000008005830       0x34 Src/stmpe811.o
                0x0000000008005830                stmpe811_Init
 .text.stmpe811_EnableGlobalIT
                0x0000000008005864       0x1e Src/stmpe811.o
                0x0000000008005864                stmpe811_EnableGlobalIT
 .text.stmpe811_DisableGlobalIT
                0x0000000008005882       0x1c Src/stmpe811.o
                0x0000000008005882                stmpe811_DisableGlobalIT
 .text.stmpe811_EnableITSource
                0x000000000800589e       0x20 Src/stmpe811.o
                0x000000000800589e                stmpe811_EnableITSource
 .text.stmpe811_TS_EnableIT
                0x00000000080058be       0x1a Src/stmpe811.o
                0x00000000080058be                stmpe811_TS_EnableIT
 .text.stmpe811_DisableITSource
                0x00000000080058d8       0x20 Src/stmpe811.o
                0x00000000080058d8                stmpe811_DisableITSource
 .text.stmpe811_TS_DisableIT
                0x00000000080058f8       0x14 Src/stmpe811.o
                0x00000000080058f8                stmpe811_TS_DisableIT
 .text.stmpe811_ReadGITStatus
                0x000000000800590c       0x10 Src/stmpe811.o
                0x000000000800590c                stmpe811_ReadGITStatus
 .text.stmpe811_TS_ITStatus
                0x000000000800591c        0x6 Src/stmpe811.o
                0x000000000800591c                stmpe811_TS_ITStatus
 .text.stmpe811_ClearGlobalIT
                0x0000000008005922        0xa Src/stmpe811.o
                0x0000000008005922                stmpe811_ClearGlobalIT
 .text.stmpe811_TS_ClearIT
                0x000000000800592c        0x6 Src/stmpe811.o
                0x000000000800592c                stmpe811_TS_ClearIT
 .text.stmpe811_IO_DisableAF
                0x0000000008005932       0x20 Src/stmpe811.o
                0x0000000008005932                stmpe811_IO_DisableAF
 .text.stmpe811_TS_Start
                0x0000000008005952       0x96 Src/stmpe811.o
                0x0000000008005952                stmpe811_TS_Start
 .text.BSP_TS_Init_extends
                0x00000000080059e8       0x4e Src/ts_api_extends.o
                0x00000000080059e8                BSP_TS_Init_extends
 .text.TS_getFIFO_size
                0x0000000008005a36        0x8 Src/ts_api_extends.o
                0x0000000008005a36                TS_getFIFO_size
 .text.TS_readFIFO
                0x0000000008005a3e       0x10 Src/ts_api_extends.o
                0x0000000008005a3e                TS_readFIFO
 .text.TS_flushFIFO
                0x0000000008005a4e       0x1c Src/ts_api_extends.o
                0x0000000008005a4e                TS_flushFIFO
 *fill*         0x0000000008005a6a        0x2 
 .text.TS_setCurrMouseState
                0x0000000008005a6c       0x30 Src/ts_api_extends.o
                0x0000000008005a6c                TS_setCurrMouseState
 .text.TS_registerNotifyFunc
                0x0000000008005a9c       0x20 Src/ts_api_extends.o
                0x0000000008005a9c                TS_registerNotifyFunc
 .text.TS_convertXY
                0x0000000008005abc       0x4e Src/ts_api_extends.o
                0x0000000008005abc                TS_convertXY
 .text.TS_match_input
                0x0000000008005b0a       0xf8 Src/ts_api_extends.o
                0x0000000008005b0a                TS_match_input
 .text.TS_isHoldDownButton
                0x0000000008005c02       0x8a Src/ts_api_extends.o
                0x0000000008005c02                TS_isHoldDownButton
 .text.TS_checkEvent
                0x0000000008005c8c       0xf8 Src/ts_api_extends.o
                0x0000000008005c8c                TS_checkEvent
 .text.usb_handleMouseNotify
                0x0000000008005d84       0x3c Src/usb_mouse_api.o
                0x0000000008005d84                usb_handleMouseNotify
 .text.GetGyroData
                0x0000000008005dc0       0x80 Src/usb_mouse_api.o
                0x0000000008005dc0                GetGyroData
 .text.GetPointerData
                0x0000000008005e40       0x48 Src/usb_mouse_api.o
                0x0000000008005e40                GetPointerData
 .text.SystemClockConfig_STOP
                0x0000000008005e88       0x44 Src/usbd_conf.o
 .text.HAL_PCD_MspInit
                0x0000000008005ecc       0x64 Src/usbd_conf.o
                0x0000000008005ecc                HAL_PCD_MspInit
 .text.HAL_PCD_SetupStageCallback
                0x0000000008005f30        0xc Src/usbd_conf.o
                0x0000000008005f30                HAL_PCD_SetupStageCallback
 .text.HAL_PCD_DataOutStageCallback
                0x0000000008005f3c       0x12 Src/usbd_conf.o
                0x0000000008005f3c                HAL_PCD_DataOutStageCallback
 .text.HAL_PCD_DataInStageCallback
                0x0000000008005f4e       0x10 Src/usbd_conf.o
                0x0000000008005f4e                HAL_PCD_DataInStageCallback
 .text.HAL_PCD_SOFCallback
                0x0000000008005f5e        0x8 Src/usbd_conf.o
                0x0000000008005f5e                HAL_PCD_SOFCallback
 .text.HAL_PCD_ResetCallback
                0x0000000008005f66       0x22 Src/usbd_conf.o
                0x0000000008005f66                HAL_PCD_ResetCallback
 .text.HAL_PCD_SuspendCallback
                0x0000000008005f88       0x30 Src/usbd_conf.o
                0x0000000008005f88                HAL_PCD_SuspendCallback
 .text.HAL_PCD_ResumeCallback
                0x0000000008005fb8       0x40 Src/usbd_conf.o
                0x0000000008005fb8                HAL_PCD_ResumeCallback
 .text.HAL_PCD_ISOOUTIncompleteCallback
                0x0000000008005ff8        0x8 Src/usbd_conf.o
                0x0000000008005ff8                HAL_PCD_ISOOUTIncompleteCallback
 .text.HAL_PCD_ISOINIncompleteCallback
                0x0000000008006000        0x8 Src/usbd_conf.o
                0x0000000008006000                HAL_PCD_ISOINIncompleteCallback
 .text.HAL_PCD_ConnectCallback
                0x0000000008006008        0x8 Src/usbd_conf.o
                0x0000000008006008                HAL_PCD_ConnectCallback
 .text.HAL_PCD_DisconnectCallback
                0x0000000008006010        0x8 Src/usbd_conf.o
                0x0000000008006010                HAL_PCD_DisconnectCallback
 .text.USBD_LL_Init
                0x0000000008006018       0x60 Src/usbd_conf.o
                0x0000000008006018                USBD_LL_Init
 .text.USBD_LL_Start
                0x0000000008006078        0xe Src/usbd_conf.o
                0x0000000008006078                USBD_LL_Start
 .text.USBD_LL_OpenEP
                0x0000000008006086       0x14 Src/usbd_conf.o
                0x0000000008006086                USBD_LL_OpenEP
 .text.USBD_LL_CloseEP
                0x000000000800609a        0xe Src/usbd_conf.o
                0x000000000800609a                USBD_LL_CloseEP
 .text.USBD_LL_StallEP
                0x00000000080060a8        0xe Src/usbd_conf.o
                0x00000000080060a8                USBD_LL_StallEP
 .text.USBD_LL_ClearStallEP
                0x00000000080060b6        0xe Src/usbd_conf.o
                0x00000000080060b6                USBD_LL_ClearStallEP
 .text.USBD_LL_IsStallEP
                0x00000000080060c4       0x26 Src/usbd_conf.o
                0x00000000080060c4                USBD_LL_IsStallEP
 .text.USBD_LL_SetUSBAddress
                0x00000000080060ea        0xe Src/usbd_conf.o
                0x00000000080060ea                USBD_LL_SetUSBAddress
 .text.USBD_LL_Transmit
                0x00000000080060f8        0xe Src/usbd_conf.o
                0x00000000080060f8                USBD_LL_Transmit
 .text.USBD_LL_PrepareReceive
                0x0000000008006106        0xe Src/usbd_conf.o
                0x0000000008006106                USBD_LL_PrepareReceive
 .text.USBD_HID_DeviceDescriptor
                0x0000000008006114        0xc Src/usbd_desc.o
                0x0000000008006114                USBD_HID_DeviceDescriptor
 .text.USBD_HID_LangIDStrDescriptor
                0x0000000008006120        0xc Src/usbd_desc.o
                0x0000000008006120                USBD_HID_LangIDStrDescriptor
 .text.IntToUnicode
                0x000000000800612c       0x28 Src/usbd_desc.o
 .text.USBD_HID_SerialStrDescriptor
                0x0000000008006154       0x40 Src/usbd_desc.o
                0x0000000008006154                USBD_HID_SerialStrDescriptor
 .text.USBD_HID_ManufacturerStrDescriptor
                0x0000000008006194       0x1c Src/usbd_desc.o
                0x0000000008006194                USBD_HID_ManufacturerStrDescriptor
 .text.USBD_HID_ProductStrDescriptor
                0x00000000080061b0       0x24 Src/usbd_desc.o
                0x00000000080061b0                USBD_HID_ProductStrDescriptor
 .text.USBD_HID_ConfigStrDescriptor
                0x00000000080061d4       0x1c Src/usbd_desc.o
                0x00000000080061d4                USBD_HID_ConfigStrDescriptor
 .text.USBD_HID_InterfaceStrDescriptor
                0x00000000080061f0       0x1c Src/usbd_desc.o
                0x00000000080061f0                USBD_HID_InterfaceStrDescriptor
 .text.Reset_Handler
                0x000000000800620c       0x50 startup/startup_stm32f429xx.o
                0x000000000800620c                Reset_Handler
 .text.Default_Handler
                0x000000000800625c        0x2 startup/startup_stm32f429xx.o
                0x000000000800625c                RTC_Alarm_IRQHandler
                0x000000000800625c                HASH_RNG_IRQHandler
                0x000000000800625c                EXTI2_IRQHandler
                0x000000000800625c                TIM8_CC_IRQHandler
                0x000000000800625c                UART8_IRQHandler
                0x000000000800625c                SPI4_IRQHandler
                0x000000000800625c                TIM1_CC_IRQHandler
                0x000000000800625c                DMA2_Stream5_IRQHandler
                0x000000000800625c                DMA1_Stream5_IRQHandler
                0x000000000800625c                PVD_IRQHandler
                0x000000000800625c                SDIO_IRQHandler
                0x000000000800625c                TAMP_STAMP_IRQHandler
                0x000000000800625c                CAN2_RX1_IRQHandler
                0x000000000800625c                EXTI3_IRQHandler
                0x000000000800625c                TIM8_TRG_COM_TIM14_IRQHandler
                0x000000000800625c                TIM1_UP_TIM10_IRQHandler
                0x000000000800625c                TIM8_UP_TIM13_IRQHandler
                0x000000000800625c                I2C3_ER_IRQHandler
                0x000000000800625c                EXTI0_IRQHandler
                0x000000000800625c                I2C2_EV_IRQHandler
                0x000000000800625c                DMA1_Stream2_IRQHandler
                0x000000000800625c                CAN1_RX0_IRQHandler
                0x000000000800625c                FPU_IRQHandler
                0x000000000800625c                LTDC_ER_IRQHandler
                0x000000000800625c                CAN2_SCE_IRQHandler
                0x000000000800625c                DMA2_Stream2_IRQHandler
                0x000000000800625c                SPI1_IRQHandler
                0x000000000800625c                TIM6_DAC_IRQHandler
                0x000000000800625c                TIM1_BRK_TIM9_IRQHandler
                0x000000000800625c                DCMI_IRQHandler
                0x000000000800625c                CAN2_RX0_IRQHandler
                0x000000000800625c                DMA2_Stream3_IRQHandler
                0x000000000800625c                USART6_IRQHandler
                0x000000000800625c                USART3_IRQHandler
                0x000000000800625c                CAN1_RX1_IRQHandler
                0x000000000800625c                UART5_IRQHandler
                0x000000000800625c                DMA2_Stream0_IRQHandler
                0x000000000800625c                TIM4_IRQHandler
                0x000000000800625c                I2C1_EV_IRQHandler
                0x000000000800625c                DMA1_Stream6_IRQHandler
                0x000000000800625c                DMA1_Stream1_IRQHandler
                0x000000000800625c                UART4_IRQHandler
                0x000000000800625c                TIM3_IRQHandler
                0x000000000800625c                RCC_IRQHandler
                0x000000000800625c                TIM8_BRK_TIM12_IRQHandler
                0x000000000800625c                Default_Handler
                0x000000000800625c                ADC_IRQHandler
                0x000000000800625c                DMA1_Stream7_IRQHandler
                0x000000000800625c                SPI5_IRQHandler
                0x000000000800625c                TIM7_IRQHandler
                0x000000000800625c                CAN2_TX_IRQHandler
                0x000000000800625c                TIM5_IRQHandler
                0x000000000800625c                DMA2_Stream7_IRQHandler
                0x000000000800625c                I2C3_EV_IRQHandler
                0x000000000800625c                EXTI9_5_IRQHandler
                0x000000000800625c                RTC_WKUP_IRQHandler
                0x000000000800625c                LTDC_IRQHandler
                0x000000000800625c                ETH_WKUP_IRQHandler
                0x000000000800625c                SPI2_IRQHandler
                0x000000000800625c                OTG_HS_EP1_IN_IRQHandler
                0x000000000800625c                DMA1_Stream0_IRQHandler
                0x000000000800625c                CAN1_TX_IRQHandler
                0x000000000800625c                EXTI4_IRQHandler
                0x000000000800625c                ETH_IRQHandler
                0x000000000800625c                OTG_HS_EP1_OUT_IRQHandler
                0x000000000800625c                WWDG_IRQHandler
                0x000000000800625c                SPI6_IRQHandler
                0x000000000800625c                TIM2_IRQHandler
                0x000000000800625c                OTG_FS_WKUP_IRQHandler
                0x000000000800625c                TIM1_TRG_COM_TIM11_IRQHandler
                0x000000000800625c                DMA2D_IRQHandler
                0x000000000800625c                EXTI1_IRQHandler
                0x000000000800625c                UART7_IRQHandler
                0x000000000800625c                USART2_IRQHandler
                0x000000000800625c                I2C2_ER_IRQHandler
                0x000000000800625c                DMA2_Stream1_IRQHandler
                0x000000000800625c                CAN1_SCE_IRQHandler
                0x000000000800625c                FLASH_IRQHandler
                0x000000000800625c                DMA2_Stream4_IRQHandler
                0x000000000800625c                USART1_IRQHandler
                0x000000000800625c                OTG_FS_IRQHandler
                0x000000000800625c                SPI3_IRQHandler
                0x000000000800625c                DMA1_Stream4_IRQHandler
                0x000000000800625c                I2C1_ER_IRQHandler
                0x000000000800625c                FMC_IRQHandler
                0x000000000800625c                DMA2_Stream6_IRQHandler
                0x000000000800625c                SAI1_IRQHandler
                0x000000000800625c                DMA1_Stream3_IRQHandler
 *fill*         0x000000000800625e        0x2 
 .text.__libc_init_array
                0x0000000008006260       0x48 /opt/Atollic_TrueSTUDIO_for_STM32_x86_64_9.0.1/ARMTools/bin/../lib/gcc/arm-atollic-eabi/6.3.1/../../../../arm-atollic-eabi/lib/armv7e-m/fpu/libc_nano.a(lib_a-init.o)
                0x0000000008006260                __libc_init_array
 .text.malloc   0x00000000080062a8       0x10 /opt/Atollic_TrueSTUDIO_for_STM32_x86_64_9.0.1/ARMTools/bin/../lib/gcc/arm-atollic-eabi/6.3.1/../../../../arm-atollic-eabi/lib/armv7e-m/fpu/libc_nano.a(lib_a-malloc.o)
                0x00000000080062a8                malloc
 .text.free     0x00000000080062b8       0x10 /opt/Atollic_TrueSTUDIO_for_STM32_x86_64_9.0.1/ARMTools/bin/../lib/gcc/arm-atollic-eabi/6.3.1/../../../../arm-atollic-eabi/lib/armv7e-m/fpu/libc_nano.a(lib_a-malloc.o)
                0x00000000080062b8                free
 .text._free_r  0x00000000080062c8       0x9c /opt/Atollic_TrueSTUDIO_for_STM32_x86_64_9.0.1/ARMTools/bin/../lib/gcc/arm-atollic-eabi/6.3.1/../../../../arm-atollic-eabi/lib/armv7e-m/fpu/libc_nano.a(lib_a-nano-freer.o)
                0x00000000080062c8                _free_r
 .text._malloc_r
                0x0000000008006364       0xbc /opt/Atollic_TrueSTUDIO_for_STM32_x86_64_9.0.1/ARMTools/bin/../lib/gcc/arm-atollic-eabi/6.3.1/../../../../arm-atollic-eabi/lib/armv7e-m/fpu/libc_nano.a(lib_a-nano-mallocr.o)
                0x0000000008006364                _malloc_r
 .text._sbrk_r  0x0000000008006420       0x20 /opt/Atollic_TrueSTUDIO_for_STM32_x86_64_9.0.1/ARMTools/bin/../lib/gcc/arm-atollic-eabi/6.3.1/../../../../arm-atollic-eabi/lib/armv7e-m/fpu/libc_nano.a(lib_a-sbrkr.o)
                0x0000000008006420                _sbrk_r
 .text.__malloc_lock
                0x0000000008006440        0x2 /opt/Atollic_TrueSTUDIO_for_STM32_x86_64_9.0.1/ARMTools/bin/../lib/gcc/arm-atollic-eabi/6.3.1/../../../../arm-atollic-eabi/lib/armv7e-m/fpu/libc_nano.a(lib_a-mlock.o)
                0x0000000008006440                __malloc_lock
 .text.__malloc_unlock
                0x0000000008006442        0x2 /opt/Atollic_TrueSTUDIO_for_STM32_x86_64_9.0.1/ARMTools/bin/../lib/gcc/arm-atollic-eabi/6.3.1/../../../../arm-atollic-eabi/lib/armv7e-m/fpu/libc_nano.a(lib_a-mlock.o)
                0x0000000008006442                __malloc_unlock
 .text._sbrk    0x0000000008006444       0x1c /opt/Atollic_TrueSTUDIO_for_STM32_x86_64_9.0.1/ARMTools/bin/../lib/gcc/arm-atollic-eabi/6.3.1/../../../../arm-atollic-eabi/lib/armv7e-m/fpu/libnosys.a(sbrk.o)
                0x0000000008006444                _sbrk
 *(.glue_7)
 .glue_7        0x0000000008006460        0x0 linker stubs
 *(.glue_7t)
 .glue_7t       0x0000000008006460        0x0 linker stubs
 *(.eh_frame)
 .eh_frame      0x0000000008006460        0x0 /opt/Atollic_TrueSTUDIO_for_STM32_x86_64_9.0.1/ARMTools/bin/../lib/gcc/arm-atollic-eabi/6.3.1/armv7e-m/fpu/crtbegin.o
 *(.init)
 .init          0x0000000008006460        0x4 /opt/Atollic_TrueSTUDIO_for_STM32_x86_64_9.0.1/ARMTools/bin/../lib/gcc/arm-atollic-eabi/6.3.1/armv7e-m/fpu/crti.o
                0x0000000008006460                _init
 .init          0x0000000008006464        0x8 /opt/Atollic_TrueSTUDIO_for_STM32_x86_64_9.0.1/ARMTools/bin/../lib/gcc/arm-atollic-eabi/6.3.1/armv7e-m/fpu/crtn.o
 *(.fini)
 .fini          0x000000000800646c        0x4 /opt/Atollic_TrueSTUDIO_for_STM32_x86_64_9.0.1/ARMTools/bin/../lib/gcc/arm-atollic-eabi/6.3.1/armv7e-m/fpu/crti.o
                0x000000000800646c                _fini
 .fini          0x0000000008006470        0x8 /opt/Atollic_TrueSTUDIO_for_STM32_x86_64_9.0.1/ARMTools/bin/../lib/gcc/arm-atollic-eabi/6.3.1/armv7e-m/fpu/crtn.o
                0x0000000008006478                . = ALIGN (0x4)
                0x0000000008006478                _etext = .

.vfp11_veneer   0x0000000008006478        0x0
 .vfp11_veneer  0x0000000008006478        0x0 linker stubs

.v4_bx          0x0000000008006478        0x0
 .v4_bx         0x0000000008006478        0x0 linker stubs

.iplt           0x0000000008006478        0x0
 .iplt          0x0000000008006478        0x0 /opt/Atollic_TrueSTUDIO_for_STM32_x86_64_9.0.1/ARMTools/bin/../lib/gcc/arm-atollic-eabi/6.3.1/armv7e-m/fpu/crtbegin.o

.rodata         0x0000000008006478     0x1b28
                0x0000000008006478                . = ALIGN (0x4)
 *(.rodata)
 *(.rodata*)
 .rodata.APBAHBPrescTable
                0x0000000008006478       0x10 Drivers/STM32F4xx_HAL_Drivers/Src/stm32f4xx_hal_rcc.o
                0x0000000008006478                APBAHBPrescTable
 .rodata.GPIO_PIN
                0x0000000008006488        0x4 Src/stm32f429i_discovery.o
                0x0000000008006488                GPIO_PIN
 .rodata.Font24_Table
                0x000000000800648c     0x1ab8 Src/stm32f429i_discovery_lcd.o
                0x000000000800648c                Font24_Table
 .rodata.USBD_HID_ConfigStrDescriptor.str1.1
                0x0000000008007f44        0xb Src/usbd_desc.o
 .rodata.USBD_HID_InterfaceStrDescriptor.str1.1
                0x0000000008007f4f        0xe Src/usbd_desc.o
 .rodata.USBD_HID_ManufacturerStrDescriptor.str1.1
                0x0000000008007f5d       0x13 Src/usbd_desc.o
 .rodata.USBD_HID_ProductStrDescriptor.str1.1
                0x0000000008007f70       0x30 Src/usbd_desc.o
                0x0000000008007fa0                . = ALIGN (0x4)

.rel.dyn        0x0000000008007fa0        0x0
 .rel.iplt      0x0000000008007fa0        0x0 /opt/Atollic_TrueSTUDIO_for_STM32_x86_64_9.0.1/ARMTools/bin/../lib/gcc/arm-atollic-eabi/6.3.1/armv7e-m/fpu/crtbegin.o

.ARM.extab
 *(.ARM.extab* .gnu.linkonce.armextab.*)

.ARM            0x0000000008007fa0        0x0
                0x0000000008007fa0                __exidx_start = .
 *(.ARM.exidx*)
                0x0000000008007fa0                __exidx_end = .

.preinit_array  0x0000000008007fa0        0x0
                0x0000000008007fa0                PROVIDE (__preinit_array_start, .)
 *(.preinit_array*)
                0x0000000008007fa0                PROVIDE (__preinit_array_end, .)

.init_array     0x0000000008007fa0        0x4
                0x0000000008007fa0                PROVIDE (__init_array_start, .)
 *(SORT(.init_array.*))
 *(.init_array*)
 .init_array    0x0000000008007fa0        0x4 /opt/Atollic_TrueSTUDIO_for_STM32_x86_64_9.0.1/ARMTools/bin/../lib/gcc/arm-atollic-eabi/6.3.1/armv7e-m/fpu/crtbegin.o
                0x0000000008007fa4                PROVIDE (__init_array_end, .)

.fini_array     0x0000000008007fa4        0x4
                [!provide]                        PROVIDE (__fini_array_start, .)
 *(SORT(.fini_array.*))
 *(.fini_array*)
 .fini_array    0x0000000008007fa4        0x4 /opt/Atollic_TrueSTUDIO_for_STM32_x86_64_9.0.1/ARMTools/bin/../lib/gcc/arm-atollic-eabi/6.3.1/armv7e-m/fpu/crtbegin.o
                [!provide]                        PROVIDE (__fini_array_end, .)
                0x0000000008007fa8                _sidata = LOADADDR (.data)

.data           0x0000000020000000      0x234 load address 0x0000000008007fa8
                0x0000000020000000                . = ALIGN (0x4)
                0x0000000020000000                _sdata = .
 *(.data)
 *(.data*)
 .data.SystemCoreClock
                0x0000000020000000        0x4 Drivers/CMSIS/system_stm32f4xx.o
                0x0000000020000000                SystemCoreClock
 .data.HID_MOUSE_ReportDesc
                0x0000000020000004       0x4a Middlewares/ST/STM32_USB_Device_Library/Class/HID/Src/usbd_hid.o
 *fill*         0x000000002000004e        0x2 
 .data.USBD_HID
                0x0000000020000050       0x38 Middlewares/ST/STM32_USB_Device_Library/Class/HID/Src/usbd_hid.o
                0x0000000020000050                USBD_HID
 .data.USBD_HID_CfgDesc
                0x0000000020000088       0x22 Middlewares/ST/STM32_USB_Device_Library/Class/HID/Src/usbd_hid.o
 *fill*         0x00000000200000aa        0x2 
 .data.USBD_HID_Desc
                0x00000000200000ac        0x9 Middlewares/ST/STM32_USB_Device_Library/Class/HID/Src/usbd_hid.o
 *fill*         0x00000000200000b5        0x3 
 .data.USBD_HID_DeviceQualifierDesc
                0x00000000200000b8        0xa Middlewares/ST/STM32_USB_Device_Library/Class/HID/Src/usbd_hid.o
 *fill*         0x00000000200000c2        0x2 
 .data.ili9341_drv
                0x00000000200000c4       0x38 Src/ili9341.o
                0x00000000200000c4                ili9341_drv
 .data.L3gd20Drv
                0x00000000200000fc       0x2c Src/l3gd20.o
                0x00000000200000fc                L3gd20Drv
 .data.button_poly
                0x0000000020000128       0x18 Src/lcd_layout.o
 .data.GPIO_PORT
                0x0000000020000140        0x8 Src/stm32f429i_discovery.o
                0x0000000020000140                GPIO_PORT
 .data.I2cxTimeout
                0x0000000020000148        0x4 Src/stm32f429i_discovery.o
                0x0000000020000148                I2cxTimeout
 .data.SpixTimeout
                0x000000002000014c        0x4 Src/stm32f429i_discovery.o
                0x000000002000014c                SpixTimeout
 .data.Font24   0x0000000020000150        0x8 Src/stm32f429i_discovery_lcd.o
                0x0000000020000150                Font24
 .data.stmpe811_ts_drv
                0x0000000020000158       0x28 Src/stmpe811.o
                0x0000000020000158                stmpe811_ts_drv
 .data.HID_Desc
                0x0000000020000180       0x1c Src/usbd_desc.o
                0x0000000020000180                HID_Desc
 .data.USBD_DeviceDesc
                0x000000002000019c       0x12 Src/usbd_desc.o
                0x000000002000019c                USBD_DeviceDesc
 *fill*         0x00000000200001ae        0x2 
 .data.USBD_LangIDDesc
                0x00000000200001b0        0x4 Src/usbd_desc.o
                0x00000000200001b0                USBD_LangIDDesc
 .data.USBD_StringSerial
                0x00000000200001b4       0x1a Src/usbd_desc.o
                0x00000000200001b4                USBD_StringSerial
 *fill*         0x00000000200001ce        0x2 
 .data._impure_ptr
                0x00000000200001d0        0x4 /opt/Atollic_TrueSTUDIO_for_STM32_x86_64_9.0.1/ARMTools/bin/../lib/gcc/arm-atollic-eabi/6.3.1/../../../../arm-atollic-eabi/lib/armv7e-m/fpu/libc_nano.a(lib_a-impure.o)
                0x00000000200001d0                _impure_ptr
 .data.impure_data
                0x00000000200001d4       0x60 /opt/Atollic_TrueSTUDIO_for_STM32_x86_64_9.0.1/ARMTools/bin/../lib/gcc/arm-atollic-eabi/6.3.1/../../../../arm-atollic-eabi/lib/armv7e-m/fpu/libc_nano.a(lib_a-impure.o)
                0x0000000020000234                . = ALIGN (0x4)
                0x0000000020000234                _edata = .
                0x00000000080081dc                _siccmram = LOADADDR (.ccmram)

.igot.plt       0x0000000020000234        0x0 load address 0x00000000080081dc
 .igot.plt      0x0000000020000234        0x0 /opt/Atollic_TrueSTUDIO_for_STM32_x86_64_9.0.1/ARMTools/bin/../lib/gcc/arm-atollic-eabi/6.3.1/armv7e-m/fpu/crtbegin.o

.ccmram         0x0000000010000000        0x0 load address 0x00000000080081dc
                0x0000000010000000                . = ALIGN (0x4)
                0x0000000010000000                _sccmram = .
 *(.ccmram)
 *(.ccmram*)
                0x0000000010000000                . = ALIGN (0x4)
                0x0000000010000000                _eccmram = .
                0x0000000010000000                . = ALIGN (0x4)

.bss            0x0000000020000234      0xaf8
                0x0000000020000234                _sbss = .
                0x0000000020000234                __bss_start__ = _sbss
 *(.bss)
 .bss           0x0000000020000234       0x1c /opt/Atollic_TrueSTUDIO_for_STM32_x86_64_9.0.1/ARMTools/bin/../lib/gcc/arm-atollic-eabi/6.3.1/armv7e-m/fpu/crtbegin.o
 *(.bss*)
 .bss.uwTick    0x0000000020000250        0x4 Drivers/STM32F4xx_HAL_Drivers/Src/stm32f4xx_hal.o
 .bss.cfgidx.10142
                0x0000000020000254        0x1 Middlewares/ST/STM32_USB_Device_Library/Core/Src/usbd_ctlreq.o
 *fill*         0x0000000020000255        0x1 
 .bss.lcd_draw_action
                0x0000000020000256        0x8 Src/lcd_layout.o
 .bss.mirr_poly
                0x000000002000025e       0x18 Src/lcd_layout.o
 .bss.gyro_interval
                0x0000000020000276        0x1 Src/main.o
                0x0000000020000276                gyro_interval
 .bss.Is_LCD_IO_Initialized
                0x0000000020000277        0x1 Src/stm32f429i_discovery.o
 .bss.SpiHandle
                0x0000000020000278       0x54 Src/stm32f429i_discovery.o
 .bss.GyroscopeDrv
                0x00000000200002cc        0x4 Src/stm32f429i_discovery_gyroscope.o
 .bss.ActiveLayer
                0x00000000200002d0        0x4 Src/stm32f429i_discovery_lcd.o
 .bss.Dma2dHandler
                0x00000000200002d4       0x40 Src/stm32f429i_discovery_lcd.o
 .bss.DrawProp  0x0000000020000314       0x18 Src/stm32f429i_discovery_lcd.o
 .bss.LtdcHandler
                0x000000002000032c       0xa8 Src/stm32f429i_discovery_lcd.o
 .bss.PeriphClkInitStruct
                0x00000000200003d4       0x30 Src/stm32f429i_discovery_lcd.o
 .bss.Command   0x0000000020000404       0x10 Src/stm32f429i_discovery_sdram.o
 .bss.SdramHandle
                0x0000000020000414       0x34 Src/stm32f429i_discovery_sdram.o
 .bss.Timing    0x0000000020000448       0x1c Src/stm32f429i_discovery_sdram.o
 .bss.dmaHandle.8325
                0x0000000020000464       0x50 Src/stm32f429i_discovery_sdram.o
 .bss.TsDrv     0x00000000200004b4        0x4 Src/stm32f429i_discovery_ts.o
 .bss.TsXBoundary
                0x00000000200004b8        0x2 Src/stm32f429i_discovery_ts.o
 .bss.TsYBoundary
                0x00000000200004ba        0x2 Src/stm32f429i_discovery_ts.o
 .bss.counter.10819
                0x00000000200004bc        0x4 Src/stm32f4xx_it.o
 .bss.stmpe811  0x00000000200004c0        0x2 Src/stmpe811.o
                0x00000000200004c0                stmpe811
 .bss.button_hold_cnt.10797
                0x00000000200004c2        0x1 Src/ts_api_extends.o
 .bss.fifo_values.10794
                0x00000000200004c3       0x24 Src/ts_api_extends.o
 .bss.mouse_current_state
                0x00000000200004e7        0x1 Src/ts_api_extends.o
 .bss.pX.10795  0x00000000200004e8       0x18 Src/ts_api_extends.o
 .bss.pY.10796  0x0000000020000500       0x18 Src/ts_api_extends.o
 .bss.p_FuncToNotify
                0x0000000020000518       0x10 Src/ts_api_extends.o
 .bss.ts_buttons_delay
                0x0000000020000528        0x4 Src/ts_api_extends.o
                0x0000000020000528                ts_buttons_delay
 .bss.ts_int_catched
                0x000000002000052c        0x4 Src/ts_api_extends.o
                0x000000002000052c                ts_int_catched
 .bss.ts_mouse_last_signal_delay
                0x0000000020000530        0x4 Src/ts_api_extends.o
                0x0000000020000530                ts_mouse_last_signal_delay
 .bss.ts_slider_hop_time
                0x0000000020000534        0x4 Src/ts_api_extends.o
                0x0000000020000534                ts_slider_hop_time
 .bss.xy_act    0x0000000020000538        0x4 Src/ts_api_extends.o
 .bss.GYRO_Buffer
                0x000000002000053c       0x10 Src/usb_mouse_api.o
 .bss.HID_Buffer
                0x000000002000054c        0x4 Src/usb_mouse_api.o
                0x000000002000054c                HID_Buffer
 .bss.unclick   0x0000000020000550        0x1 Src/usb_mouse_api.o
                0x0000000020000550                unclick
 *fill*         0x0000000020000551        0x3 
 .bss.xyz_buff  0x0000000020000554        0xc Src/usb_mouse_api.o
 .bss.remotewakeupon
                0x0000000020000560        0x4 Src/usbd_conf.o
                0x0000000020000560                remotewakeupon
 .bss.__malloc_free_list
                0x0000000020000564        0x4 /opt/Atollic_TrueSTUDIO_for_STM32_x86_64_9.0.1/ARMTools/bin/../lib/gcc/arm-atollic-eabi/6.3.1/../../../../arm-atollic-eabi/lib/armv7e-m/fpu/libc_nano.a(lib_a-nano-mallocr.o)
                0x0000000020000564                __malloc_free_list
 .bss.__malloc_sbrk_start
                0x0000000020000568        0x4 /opt/Atollic_TrueSTUDIO_for_STM32_x86_64_9.0.1/ARMTools/bin/../lib/gcc/arm-atollic-eabi/6.3.1/../../../../arm-atollic-eabi/lib/armv7e-m/fpu/libc_nano.a(lib_a-nano-mallocr.o)
                0x0000000020000568                __malloc_sbrk_start
 .bss.heap_end.5239
                0x000000002000056c        0x4 /opt/Atollic_TrueSTUDIO_for_STM32_x86_64_9.0.1/ARMTools/bin/../lib/gcc/arm-atollic-eabi/6.3.1/../../../../arm-atollic-eabi/lib/armv7e-m/fpu/libnosys.a(sbrk.o)
 *(COMMON)
 COMMON         0x0000000020000570      0x2cc Src/main.o
                0x0000000020000570                LtdcHandle
                0x0000000020000618                USBD_Device
 COMMON         0x000000002000083c       0x38 Src/stm32f429i_discovery.o
                0x000000002000083c                I2cHandle
 COMMON         0x0000000020000874        0x4 Src/stm32f429i_discovery_lcd.o
                0x0000000020000874                LcdDrv
 COMMON         0x0000000020000878      0x3b0 Src/usbd_conf.o
                0x0000000020000878                hpcd
 COMMON         0x0000000020000c28      0x100 Src/usbd_desc.o
                0x0000000020000c28                USBD_StrDesc
 COMMON         0x0000000020000d28        0x4 /opt/Atollic_TrueSTUDIO_for_STM32_x86_64_9.0.1/ARMTools/bin/../lib/gcc/arm-atollic-eabi/6.3.1/../../../../arm-atollic-eabi/lib/armv7e-m/fpu/libc_nano.a(lib_a-reent.o)
                0x0000000020000d28                errno
                0x0000000020000d2c                . = ALIGN (0x4)
                0x0000000020000d2c                _ebss = .
                0x0000000020000d2c                __bss_end__ = _ebss

._user_heap_stack
                0x0000000020000d2c      0x600
                0x0000000020000d2c                . = ALIGN (0x4)
                0x0000000020000d2c                PROVIDE (end, .)
                [!provide]                        PROVIDE (_end, .)
                0x0000000020000f2c                . = (. + _Min_Heap_Size)
 *fill*         0x0000000020000d2c      0x200 
                0x000000002000132c                . = (. + _Min_Stack_Size)
 *fill*         0x0000000020000f2c      0x400 
                0x000000002000132c                . = ALIGN (0x4)

/DISCARD/
 libc.a(*)
 libm.a(*)
 libgcc.a(*)

.ARM.attributes
                0x0000000000000000       0x30
 *(.ARM.attributes)
 .ARM.attributes
                0x0000000000000000       0x22 /opt/Atollic_TrueSTUDIO_for_STM32_x86_64_9.0.1/ARMTools/bin/../lib/gcc/arm-atollic-eabi/6.3.1/armv7e-m/fpu/crti.o
 .ARM.attributes
                0x0000000000000022       0x34 /opt/Atollic_TrueSTUDIO_for_STM32_x86_64_9.0.1/ARMTools/bin/../lib/gcc/arm-atollic-eabi/6.3.1/armv7e-m/fpu/crtbegin.o
 .ARM.attributes
                0x0000000000000056       0x39 Drivers/CMSIS/system_stm32f4xx.o
 .ARM.attributes
                0x000000000000008f       0x39 Drivers/STM32F4xx_HAL_Drivers/Src/stm32f4xx_hal.o
 .ARM.attributes
                0x00000000000000c8       0x39 Drivers/STM32F4xx_HAL_Drivers/Src/stm32f4xx_hal_cortex.o
 .ARM.attributes
                0x0000000000000101       0x39 Drivers/STM32F4xx_HAL_Drivers/Src/stm32f4xx_hal_dma.o
 .ARM.attributes
                0x000000000000013a       0x39 Drivers/STM32F4xx_HAL_Drivers/Src/stm32f4xx_hal_dma2d.o
 .ARM.attributes
                0x0000000000000173       0x39 Drivers/STM32F4xx_HAL_Drivers/Src/stm32f4xx_hal_gpio.o
 .ARM.attributes
                0x00000000000001ac       0x39 Drivers/STM32F4xx_HAL_Drivers/Src/stm32f4xx_hal_i2c.o
 .ARM.attributes
                0x00000000000001e5       0x39 Drivers/STM32F4xx_HAL_Drivers/Src/stm32f4xx_hal_ltdc.o
 .ARM.attributes
                0x000000000000021e       0x39 Drivers/STM32F4xx_HAL_Drivers/Src/stm32f4xx_hal_pcd.o
 .ARM.attributes
                0x0000000000000257       0x39 Drivers/STM32F4xx_HAL_Drivers/Src/stm32f4xx_hal_pcd_ex.o
 .ARM.attributes
                0x0000000000000290       0x39 Drivers/STM32F4xx_HAL_Drivers/Src/stm32f4xx_hal_pwr_ex.o
 .ARM.attributes
                0x00000000000002c9       0x39 Drivers/STM32F4xx_HAL_Drivers/Src/stm32f4xx_hal_rcc.o
 .ARM.attributes
                0x0000000000000302       0x39 Drivers/STM32F4xx_HAL_Drivers/Src/stm32f4xx_hal_rcc_ex.o
 .ARM.attributes
                0x000000000000033b       0x39 Drivers/STM32F4xx_HAL_Drivers/Src/stm32f4xx_hal_sdram.o
 .ARM.attributes
                0x0000000000000374       0x39 Drivers/STM32F4xx_HAL_Drivers/Src/stm32f4xx_hal_spi.o
 .ARM.attributes
                0x00000000000003ad       0x39 Drivers/STM32F4xx_HAL_Drivers/Src/stm32f4xx_ll_fmc.o
 .ARM.attributes
                0x00000000000003e6       0x39 Drivers/STM32F4xx_HAL_Drivers/Src/stm32f4xx_ll_usb.o
 .ARM.attributes
                0x000000000000041f       0x39 Middlewares/ST/STM32_USB_Device_Library/Class/HID/Src/usbd_hid.o
 .ARM.attributes
                0x0000000000000458       0x39 Middlewares/ST/STM32_USB_Device_Library/Core/Src/usbd_core.o
 .ARM.attributes
                0x0000000000000491       0x39 Middlewares/ST/STM32_USB_Device_Library/Core/Src/usbd_ctlreq.o
 .ARM.attributes
                0x00000000000004ca       0x39 Middlewares/ST/STM32_USB_Device_Library/Core/Src/usbd_ioreq.o
 .ARM.attributes
                0x0000000000000503       0x39 Src/ili9341.o
 .ARM.attributes
                0x000000000000053c       0x39 Src/l3gd20.o
 .ARM.attributes
                0x0000000000000575       0x39 Src/lcd_layout.o
 .ARM.attributes
                0x00000000000005ae       0x39 Src/main.o
 .ARM.attributes
                0x00000000000005e7       0x39 Src/stm32f429i_discovery.o
 .ARM.attributes
                0x0000000000000620       0x39 Src/stm32f429i_discovery_gyroscope.o
 .ARM.attributes
                0x0000000000000659       0x39 Src/stm32f429i_discovery_lcd.o
 .ARM.attributes
                0x0000000000000692       0x39 Src/stm32f429i_discovery_sdram.o
 .ARM.attributes
                0x00000000000006cb       0x39 Src/stm32f429i_discovery_ts.o
 .ARM.attributes
                0x0000000000000704       0x39 Src/stm32f4xx_hal_msp.o
 .ARM.attributes
                0x000000000000073d       0x39 Src/stm32f4xx_it.o
 .ARM.attributes
                0x0000000000000776       0x39 Src/stmpe811.o
 .ARM.attributes
                0x00000000000007af       0x39 Src/ts_api_extends.o
 .ARM.attributes
                0x00000000000007e8       0x39 Src/usb_mouse_api.o
 .ARM.attributes
                0x0000000000000821       0x39 Src/usbd_conf.o
 .ARM.attributes
                0x000000000000085a       0x39 Src/usbd_desc.o
 .ARM.attributes
                0x0000000000000893       0x21 startup/startup_stm32f429xx.o
 .ARM.attributes
                0x00000000000008b4       0x34 /opt/Atollic_TrueSTUDIO_for_STM32_x86_64_9.0.1/ARMTools/bin/../lib/gcc/arm-atollic-eabi/6.3.1/../../../../arm-atollic-eabi/lib/armv7e-m/fpu/libc_nano.a(lib_a-init.o)
 .ARM.attributes
                0x00000000000008e8       0x34 /opt/Atollic_TrueSTUDIO_for_STM32_x86_64_9.0.1/ARMTools/bin/../lib/gcc/arm-atollic-eabi/6.3.1/../../../../arm-atollic-eabi/lib/armv7e-m/fpu/libc_nano.a(lib_a-malloc.o)
 .ARM.attributes
                0x000000000000091c       0x34 /opt/Atollic_TrueSTUDIO_for_STM32_x86_64_9.0.1/ARMTools/bin/../lib/gcc/arm-atollic-eabi/6.3.1/../../../../arm-atollic-eabi/lib/armv7e-m/fpu/libc_nano.a(lib_a-nano-freer.o)
 .ARM.attributes
                0x0000000000000950       0x34 /opt/Atollic_TrueSTUDIO_for_STM32_x86_64_9.0.1/ARMTools/bin/../lib/gcc/arm-atollic-eabi/6.3.1/../../../../arm-atollic-eabi/lib/armv7e-m/fpu/libc_nano.a(lib_a-nano-mallocr.o)
 .ARM.attributes
                0x0000000000000984       0x34 /opt/Atollic_TrueSTUDIO_for_STM32_x86_64_9.0.1/ARMTools/bin/../lib/gcc/arm-atollic-eabi/6.3.1/../../../../arm-atollic-eabi/lib/armv7e-m/fpu/libc_nano.a(lib_a-sbrkr.o)
 .ARM.attributes
                0x00000000000009b8       0x34 /opt/Atollic_TrueSTUDIO_for_STM32_x86_64_9.0.1/ARMTools/bin/../lib/gcc/arm-atollic-eabi/6.3.1/../../../../arm-atollic-eabi/lib/armv7e-m/fpu/libc_nano.a(lib_a-impure.o)
 .ARM.attributes
                0x00000000000009ec       0x34 /opt/Atollic_TrueSTUDIO_for_STM32_x86_64_9.0.1/ARMTools/bin/../lib/gcc/arm-atollic-eabi/6.3.1/../../../../arm-atollic-eabi/lib/armv7e-m/fpu/libc_nano.a(lib_a-mlock.o)
 .ARM.attributes
                0x0000000000000a20       0x34 /opt/Atollic_TrueSTUDIO_for_STM32_x86_64_9.0.1/ARMTools/bin/../lib/gcc/arm-atollic-eabi/6.3.1/../../../../arm-atollic-eabi/lib/armv7e-m/fpu/libc_nano.a(lib_a-reent.o)
 .ARM.attributes
                0x0000000000000a54       0x34 /opt/Atollic_TrueSTUDIO_for_STM32_x86_64_9.0.1/ARMTools/bin/../lib/gcc/arm-atollic-eabi/6.3.1/../../../../arm-atollic-eabi/lib/armv7e-m/fpu/libnosys.a(sbrk.o)
 .ARM.attributes
                0x0000000000000a88       0x22 /opt/Atollic_TrueSTUDIO_for_STM32_x86_64_9.0.1/ARMTools/bin/../lib/gcc/arm-atollic-eabi/6.3.1/armv7e-m/fpu/crtn.o
OUTPUT(CubeMouseGyro.elf elf32-littlearm)

.debug_info     0x0000000000000000    0x2982e
 .debug_info    0x0000000000000000      0x4ee Drivers/CMSIS/system_stm32f4xx.o
 .debug_info    0x00000000000004ee      0x8ed Drivers/STM32F4xx_HAL_Drivers/Src/stm32f4xx_hal.o
 .debug_info    0x0000000000000ddb      0xcfd Drivers/STM32F4xx_HAL_Drivers/Src/stm32f4xx_hal_cortex.o
 .debug_info    0x0000000000001ad8      0x733 Drivers/STM32F4xx_HAL_Drivers/Src/stm32f4xx_hal_dma.o
 .debug_info    0x000000000000220b      0xbbf Drivers/STM32F4xx_HAL_Drivers/Src/stm32f4xx_hal_dma2d.o
 .debug_info    0x0000000000002dca      0x729 Drivers/STM32F4xx_HAL_Drivers/Src/stm32f4xx_hal_gpio.o
 .debug_info    0x00000000000034f3     0x2485 Drivers/STM32F4xx_HAL_Drivers/Src/stm32f4xx_hal_i2c.o
 .debug_info    0x0000000000005978      0xd1c Drivers/STM32F4xx_HAL_Drivers/Src/stm32f4xx_hal_ltdc.o
 .debug_info    0x0000000000006694     0x13ca Drivers/STM32F4xx_HAL_Drivers/Src/stm32f4xx_hal_pcd.o
 .debug_info    0x0000000000007a5e      0x551 Drivers/STM32F4xx_HAL_Drivers/Src/stm32f4xx_hal_pcd_ex.o
 .debug_info    0x0000000000007faf      0x6b0 Drivers/STM32F4xx_HAL_Drivers/Src/stm32f4xx_hal_pwr_ex.o
 .debug_info    0x000000000000865f      0xfed Drivers/STM32F4xx_HAL_Drivers/Src/stm32f4xx_hal_rcc.o
 .debug_info    0x000000000000964c      0x9a5 Drivers/STM32F4xx_HAL_Drivers/Src/stm32f4xx_hal_rcc_ex.o
 .debug_info    0x0000000000009ff1      0xd42 Drivers/STM32F4xx_HAL_Drivers/Src/stm32f4xx_hal_sdram.o
 .debug_info    0x000000000000ad33     0x1644 Drivers/STM32F4xx_HAL_Drivers/Src/stm32f4xx_hal_spi.o
 .debug_info    0x000000000000c377      0xe4a Drivers/STM32F4xx_HAL_Drivers/Src/stm32f4xx_ll_fmc.o
 .debug_info    0x000000000000d1c1     0x16a2 Drivers/STM32F4xx_HAL_Drivers/Src/stm32f4xx_ll_usb.o
 .debug_info    0x000000000000e863     0x10fb Middlewares/ST/STM32_USB_Device_Library/Class/HID/Src/usbd_hid.o
 .debug_info    0x000000000000f95e     0x1401 Middlewares/ST/STM32_USB_Device_Library/Core/Src/usbd_core.o
 .debug_info    0x0000000000010d5f     0x142b Middlewares/ST/STM32_USB_Device_Library/Core/Src/usbd_ctlreq.o
 .debug_info    0x000000000001218a      0xf80 Middlewares/ST/STM32_USB_Device_Library/Core/Src/usbd_ioreq.o
 .debug_info    0x000000000001310a     0x170c Src/ili9341.o
 .debug_info    0x0000000000014816      0x6af Src/l3gd20.o
 .debug_info    0x0000000000014ec5     0x18f7 Src/lcd_layout.o
 .debug_info    0x00000000000167bc     0x2052 Src/main.o
 .debug_info    0x000000000001880e     0x1fa3 Src/stm32f429i_discovery.o
 .debug_info    0x000000000001a7b1      0x480 Src/stm32f429i_discovery_gyroscope.o
 .debug_info    0x000000000001ac31     0x29e3 Src/stm32f429i_discovery_lcd.o
 .debug_info    0x000000000001d614     0x106d Src/stm32f429i_discovery_sdram.o
 .debug_info    0x000000000001e681      0x574 Src/stm32f429i_discovery_ts.o
 .debug_info    0x000000000001ebf5     0x1949 Src/stm32f4xx_hal_msp.o
 .debug_info    0x000000000002053e     0x1b07 Src/stm32f4xx_it.o
 .debug_info    0x0000000000022045     0x1570 Src/stmpe811.o
 .debug_info    0x00000000000235b5     0x1a4b Src/ts_api_extends.o
 .debug_info    0x0000000000025000     0x139d Src/usb_mouse_api.o
 .debug_info    0x000000000002639d     0x2638 Src/usbd_conf.o
 .debug_info    0x00000000000289d5      0xdd0 Src/usbd_desc.o
 .debug_info    0x00000000000297a5       0x89 startup/startup_stm32f429xx.o

.debug_abbrev   0x0000000000000000     0x5b1b
 .debug_abbrev  0x0000000000000000      0x11f Drivers/CMSIS/system_stm32f4xx.o
 .debug_abbrev  0x000000000000011f      0x1f7 Drivers/STM32F4xx_HAL_Drivers/Src/stm32f4xx_hal.o
 .debug_abbrev  0x0000000000000316      0x2dd Drivers/STM32F4xx_HAL_Drivers/Src/stm32f4xx_hal_cortex.o
 .debug_abbrev  0x00000000000005f3      0x225 Drivers/STM32F4xx_HAL_Drivers/Src/stm32f4xx_hal_dma.o
 .debug_abbrev  0x0000000000000818      0x278 Drivers/STM32F4xx_HAL_Drivers/Src/stm32f4xx_hal_dma2d.o
 .debug_abbrev  0x0000000000000a90      0x1d2 Drivers/STM32F4xx_HAL_Drivers/Src/stm32f4xx_hal_gpio.o
 .debug_abbrev  0x0000000000000c62      0x2cc Drivers/STM32F4xx_HAL_Drivers/Src/stm32f4xx_hal_i2c.o
 .debug_abbrev  0x0000000000000f2e      0x24f Drivers/STM32F4xx_HAL_Drivers/Src/stm32f4xx_hal_ltdc.o
 .debug_abbrev  0x000000000000117d      0x31e Drivers/STM32F4xx_HAL_Drivers/Src/stm32f4xx_hal_pcd.o
 .debug_abbrev  0x000000000000149b      0x19a Drivers/STM32F4xx_HAL_Drivers/Src/stm32f4xx_hal_pcd_ex.o
 .debug_abbrev  0x0000000000001635      0x189 Drivers/STM32F4xx_HAL_Drivers/Src/stm32f4xx_hal_pwr_ex.o
 .debug_abbrev  0x00000000000017be      0x2f1 Drivers/STM32F4xx_HAL_Drivers/Src/stm32f4xx_hal_rcc.o
 .debug_abbrev  0x0000000000001aaf      0x214 Drivers/STM32F4xx_HAL_Drivers/Src/stm32f4xx_hal_rcc_ex.o
 .debug_abbrev  0x0000000000001cc3      0x262 Drivers/STM32F4xx_HAL_Drivers/Src/stm32f4xx_hal_sdram.o
 .debug_abbrev  0x0000000000001f25      0x322 Drivers/STM32F4xx_HAL_Drivers/Src/stm32f4xx_hal_spi.o
 .debug_abbrev  0x0000000000002247      0x1ad Drivers/STM32F4xx_HAL_Drivers/Src/stm32f4xx_ll_fmc.o
 .debug_abbrev  0x00000000000023f4      0x2ee Drivers/STM32F4xx_HAL_Drivers/Src/stm32f4xx_ll_usb.o
 .debug_abbrev  0x00000000000026e2      0x255 Middlewares/ST/STM32_USB_Device_Library/Class/HID/Src/usbd_hid.o
 .debug_abbrev  0x0000000000002937      0x308 Middlewares/ST/STM32_USB_Device_Library/Core/Src/usbd_core.o
 .debug_abbrev  0x0000000000002c3f      0x3aa Middlewares/ST/STM32_USB_Device_Library/Core/Src/usbd_ctlreq.o
 .debug_abbrev  0x0000000000002fe9      0x1da Middlewares/ST/STM32_USB_Device_Library/Core/Src/usbd_ioreq.o
 .debug_abbrev  0x00000000000031c3      0x1f5 Src/ili9341.o
 .debug_abbrev  0x00000000000033b8      0x1cc Src/l3gd20.o
 .debug_abbrev  0x0000000000003584      0x271 Src/lcd_layout.o
 .debug_abbrev  0x00000000000037f5      0x285 Src/main.o
 .debug_abbrev  0x0000000000003a7a      0x3ab Src/stm32f429i_discovery.o
 .debug_abbrev  0x0000000000003e25      0x1a9 Src/stm32f429i_discovery_gyroscope.o
 .debug_abbrev  0x0000000000003fce      0x434 Src/stm32f429i_discovery_lcd.o
 .debug_abbrev  0x0000000000004402      0x252 Src/stm32f429i_discovery_sdram.o
 .debug_abbrev  0x0000000000004654      0x18e Src/stm32f429i_discovery_ts.o
 .debug_abbrev  0x00000000000047e2      0x20a Src/stm32f4xx_hal_msp.o
 .debug_abbrev  0x00000000000049ec      0x28a Src/stm32f4xx_it.o
 .debug_abbrev  0x0000000000004c76      0x2bf Src/stmpe811.o
 .debug_abbrev  0x0000000000004f35      0x3be Src/ts_api_extends.o
 .debug_abbrev  0x00000000000052f3      0x21d Src/usb_mouse_api.o
 .debug_abbrev  0x0000000000005510      0x307 Src/usbd_conf.o
 .debug_abbrev  0x0000000000005817      0x2f2 Src/usbd_desc.o
 .debug_abbrev  0x0000000000005b09       0x12 startup/startup_stm32f429xx.o

.debug_loc      0x0000000000000000    0x108e5
 .debug_loc     0x0000000000000000      0x10b Drivers/CMSIS/system_stm32f4xx.o
 .debug_loc     0x000000000000010b       0x5c Drivers/STM32F4xx_HAL_Drivers/Src/stm32f4xx_hal.o
 .debug_loc     0x0000000000000167      0x4da Drivers/STM32F4xx_HAL_Drivers/Src/stm32f4xx_hal_cortex.o
 .debug_loc     0x0000000000000641      0x62c Drivers/STM32F4xx_HAL_Drivers/Src/stm32f4xx_hal_dma.o
 .debug_loc     0x0000000000000c6d      0xdb8 Drivers/STM32F4xx_HAL_Drivers/Src/stm32f4xx_hal_dma2d.o
 .debug_loc     0x0000000000001a25      0x357 Drivers/STM32F4xx_HAL_Drivers/Src/stm32f4xx_hal_gpio.o
 .debug_loc     0x0000000000001d7c     0x25df Drivers/STM32F4xx_HAL_Drivers/Src/stm32f4xx_hal_i2c.o
 .debug_loc     0x000000000000435b      0xa2f Drivers/STM32F4xx_HAL_Drivers/Src/stm32f4xx_hal_ltdc.o
 .debug_loc     0x0000000000004d8a      0xbd9 Drivers/STM32F4xx_HAL_Drivers/Src/stm32f4xx_hal_pcd.o
 .debug_loc     0x0000000000005963      0x10a Drivers/STM32F4xx_HAL_Drivers/Src/stm32f4xx_hal_pcd_ex.o
 .debug_loc     0x0000000000005a6d      0x11b Drivers/STM32F4xx_HAL_Drivers/Src/stm32f4xx_hal_pwr_ex.o
 .debug_loc     0x0000000000005b88      0x589 Drivers/STM32F4xx_HAL_Drivers/Src/stm32f4xx_hal_rcc.o
 .debug_loc     0x0000000000006111      0x27e Drivers/STM32F4xx_HAL_Drivers/Src/stm32f4xx_hal_rcc_ex.o
 .debug_loc     0x000000000000638f      0x9b6 Drivers/STM32F4xx_HAL_Drivers/Src/stm32f4xx_hal_sdram.o
 .debug_loc     0x0000000000006d45     0x12ff Drivers/STM32F4xx_HAL_Drivers/Src/stm32f4xx_hal_spi.o
 .debug_loc     0x0000000000008044      0x7ee Drivers/STM32F4xx_HAL_Drivers/Src/stm32f4xx_ll_fmc.o
 .debug_loc     0x0000000000008832     0x14f1 Drivers/STM32F4xx_HAL_Drivers/Src/stm32f4xx_ll_usb.o
 .debug_loc     0x0000000000009d23      0x40e Middlewares/ST/STM32_USB_Device_Library/Class/HID/Src/usbd_hid.o